Component: Arm Compiler for Embedded 6.21 Tool: armlink [5ec1fa00]

==============================================================================

Section Cross References

    startup_stm32f103xb.o(STACK) refers (Special) to heapauxi.o(.text) for __use_two_region_memory
    startup_stm32f103xb.o(HEAP) refers (Special) to heapauxi.o(.text) for __use_two_region_memory
    startup_stm32f103xb.o(RESET) refers (Special) to heapauxi.o(.text) for __use_two_region_memory
    startup_stm32f103xb.o(RESET) refers to startup_stm32f103xb.o(STACK) for __initial_sp
    startup_stm32f103xb.o(RESET) refers to startup_stm32f103xb.o(.text) for Reset_Handler
    startup_stm32f103xb.o(RESET) refers to stm32f1xx_it.o(.text.NMI_Handler) for NMI_Handler
    startup_stm32f103xb.o(RESET) refers to stm32f1xx_it.o(.text.HardFault_Handler) for HardFault_Handler
    startup_stm32f103xb.o(RESET) refers to stm32f1xx_it.o(.text.MemManage_Handler) for MemManage_Handler
    startup_stm32f103xb.o(RESET) refers to stm32f1xx_it.o(.text.BusFault_Handler) for BusFault_Handler
    startup_stm32f103xb.o(RESET) refers to stm32f1xx_it.o(.text.UsageFault_Handler) for UsageFault_Handler
    startup_stm32f103xb.o(RESET) refers to port.o(.text.SVC_Handler) for SVC_Handler
    startup_stm32f103xb.o(RESET) refers to stm32f1xx_it.o(.text.DebugMon_Handler) for DebugMon_Handler
    startup_stm32f103xb.o(RESET) refers to port.o(.text.PendSV_Handler) for PendSV_Handler
    startup_stm32f103xb.o(RESET) refers to port.o(.text.SysTick_Handler) for SysTick_Handler
    startup_stm32f103xb.o(RESET) refers to stm32f1xx_it.o(.text.DMA1_Channel4_IRQHandler) for DMA1_Channel4_IRQHandler
    startup_stm32f103xb.o(RESET) refers to stm32f1xx_it.o(.text.DMA1_Channel5_IRQHandler) for DMA1_Channel5_IRQHandler
    startup_stm32f103xb.o(RESET) refers to stm32f1xx_it.o(.text.DMA1_Channel6_IRQHandler) for DMA1_Channel6_IRQHandler
    startup_stm32f103xb.o(RESET) refers to stm32f1xx_it.o(.text.DMA1_Channel7_IRQHandler) for DMA1_Channel7_IRQHandler
    startup_stm32f103xb.o(RESET) refers to stm32f1xx_it.o(.text.TIM4_IRQHandler) for TIM4_IRQHandler
    startup_stm32f103xb.o(RESET) refers to stm32f1xx_it.o(.text.USART1_IRQHandler) for USART1_IRQHandler
    startup_stm32f103xb.o(RESET) refers to stm32f1xx_it.o(.text.USART2_IRQHandler) for USART2_IRQHandler
    startup_stm32f103xb.o(.text) refers (Special) to heapauxi.o(.text) for __use_two_region_memory
    startup_stm32f103xb.o(.text) refers to system_stm32f1xx.o(.text.SystemInit) for SystemInit
    startup_stm32f103xb.o(.text) refers to __main.o(!!!main) for __main
    startup_stm32f103xb.o(.text) refers to startup_stm32f103xb.o(HEAP) for Heap_Mem
    startup_stm32f103xb.o(.text) refers to startup_stm32f103xb.o(STACK) for Stack_Mem
    main.o(.text.main) refers to stm32f1xx_hal.o(.text.HAL_Init) for HAL_Init
    main.o(.text.main) refers to main.o(.text.SystemClock_Config) for SystemClock_Config
    main.o(.text.main) refers to gpio.o(.text.MX_GPIO_Init) for MX_GPIO_Init
    main.o(.text.main) refers to dma.o(.text.MX_DMA_Init) for MX_DMA_Init
    main.o(.text.main) refers to spi.o(.text.MX_SPI1_Init) for MX_SPI1_Init
    main.o(.text.main) refers to usart.o(.text.MX_USART1_UART_Init) for MX_USART1_UART_Init
    main.o(.text.main) refers to usart.o(.text.MX_USART2_UART_Init) for MX_USART2_UART_Init
    main.o(.text.main) refers to adc.o(.text.MX_ADC1_Init) for MX_ADC1_Init
    main.o(.text.main) refers to freertos.o(.text.MX_FREERTOS_Init) for MX_FREERTOS_Init
    main.o(.text.main) refers to cmsis_os.o(.text.osKernelStart) for osKernelStart
    main.o(.ARM.exidx.text.main) refers to main.o(.text.main) for [Anonymous Symbol]
    main.o(.text.SystemClock_Config) refers to rt_memclr_w.o(.text) for __aeabi_memclr4
    main.o(.text.SystemClock_Config) refers to stm32f1xx_hal_rcc.o(.text.HAL_RCC_OscConfig) for HAL_RCC_OscConfig
    main.o(.text.SystemClock_Config) refers to main.o(.text.Error_Handler) for Error_Handler
    main.o(.text.SystemClock_Config) refers to stm32f1xx_hal_rcc.o(.text.HAL_RCC_ClockConfig) for HAL_RCC_ClockConfig
    main.o(.text.SystemClock_Config) refers to stm32f1xx_hal_rcc_ex.o(.text.HAL_RCCEx_PeriphCLKConfig) for HAL_RCCEx_PeriphCLKConfig
    main.o(.ARM.exidx.text.SystemClock_Config) refers to main.o(.text.SystemClock_Config) for [Anonymous Symbol]
    main.o(.ARM.exidx.text.Error_Handler) refers to main.o(.text.Error_Handler) for [Anonymous Symbol]
    main.o(.text.HAL_TIM_PeriodElapsedCallback) refers to stm32f1xx_hal.o(.text.HAL_IncTick) for HAL_IncTick
    main.o(.ARM.exidx.text.HAL_TIM_PeriodElapsedCallback) refers to main.o(.text.HAL_TIM_PeriodElapsedCallback) for [Anonymous Symbol]
    gpio.o(.text.MX_GPIO_Init) refers to stm32f1xx_hal_gpio.o(.text.HAL_GPIO_WritePin) for HAL_GPIO_WritePin
    gpio.o(.text.MX_GPIO_Init) refers to stm32f1xx_hal_gpio.o(.text.HAL_GPIO_Init) for HAL_GPIO_Init
    gpio.o(.ARM.exidx.text.MX_GPIO_Init) refers to gpio.o(.text.MX_GPIO_Init) for [Anonymous Symbol]
[...]
    [Anonymous Symbol]                       0x0800446c   Section        0  stm32f1xx_hal_uart.o(.text.UART_SetConfig)
    [Anonymous Symbol]                       0x08004528   Section        0  stm32f1xx_hal_uart.o(.text.UART_Start_Receive_DMA)
    [Anonymous Symbol]                       0x08004634   Section        0  stm32f1xx_hal_uart.o(.text.UART_Start_Receive_IT)
    UART_Transmit_IT                         0x08004699   Thumb Code   148  stm32f1xx_hal_uart.o(.text.UART_Transmit_IT)
    [Anonymous Symbol]                       0x08004698   Section        0  stm32f1xx_hal_uart.o(.text.UART_Transmit_IT)
    [Anonymous Symbol]                       0x0800472c   Section        0  stm32f1xx_it.o(.text.USART1_IRQHandler)
    [Anonymous Symbol]                       0x0800473c   Section        0  stm32f1xx_it.o(.text.USART2_IRQHandler)
    [Anonymous Symbol]                       0x08004750   Section        0  stm32f1xx_it.o(.text.UsageFault_Handler)
    [Anonymous Symbol]                       0x08004754   Section        0  rc522.o(.text.WriteRawRC)
    [Anonymous Symbol]                       0x080048b4   Section        0  sys_app.o(.text._Z14TaskNtagDetectPv)
    [Anonymous Symbol]                       0x080048d8   Section        0  sys_app.o(.text._Z14TaskVolumeCtrlPv)
    [Anonymous Symbol]                       0x080048f4   Section        0  sys_app.o(.text._Z7AppInitv)
    [Anonymous Symbol]                       0x080049a0   Section        0  sys_app.o(.text._Z7TaskMp3Pv)
    [Anonymous Symbol]                       0x080049bc   Section        0  sys_app.o(.text._Z9TaskDebugPv)
    DeviceInit()                             0x080049d9   Thumb Code    16  sys_init.o(.text._ZL10DeviceInitv)
    [Anonymous Symbol]                       0x080049d8   Section        0  sys_init.o(.text._ZL10DeviceInitv)
    TaskInit()                               0x080049e9   Thumb Code     8  sys_init.o(.text._ZL8TaskInitv)
    [Anonymous Symbol]                       0x080049e8   Section        0  sys_init.o(.text._ZL8TaskInitv)
    __NVIC_EnableIRQ                         0x080049f1   Thumb Code    48  stm32f1xx_hal_cortex.o(.text.__NVIC_EnableIRQ)
    [Anonymous Symbol]                       0x080049f0   Section        0  stm32f1xx_hal_cortex.o(.text.__NVIC_EnableIRQ)
    __NVIC_GetPriorityGrouping               0x08004a21   Thumb Code    16  stm32f1xx_hal_cortex.o(.text.__NVIC_GetPriorityGrouping)
    [Anonymous Symbol]                       0x08004a20   Section        0  stm32f1xx_hal_cortex.o(.text.__NVIC_GetPriorityGrouping)
    __NVIC_SetPriority                       0x08004a31   Thumb Code    66  stm32f1xx_hal_cortex.o(.text.__NVIC_SetPriority)
    [Anonymous Symbol]                       0x08004a30   Section        0  stm32f1xx_hal_cortex.o(.text.__NVIC_SetPriority)
    __NVIC_SetPriorityGrouping               0x08004a75   Thumb Code    60  stm32f1xx_hal_cortex.o(.text.__NVIC_SetPriorityGrouping)
    [Anonymous Symbol]                       0x08004a74   Section        0  stm32f1xx_hal_cortex.o(.text.__NVIC_SetPriorityGrouping)
    [Anonymous Symbol]                       0x08004ab0   Section        0  rc522.o(.text.delay_10ms)
    [Anonymous Symbol]                       0x08004af0   Section        0  main.o(.text.main)
    makeFreeRtosPriority                     0x08004b25   Thumb Code    40  cmsis_os.o(.text.makeFreeRtosPriority)
    [Anonymous Symbol]                       0x08004b24   Section        0  cmsis_os.o(.text.makeFreeRtosPriority)
    [Anonymous Symbol]                       0x08004b4c   Section        0  cmsis_os.o(.text.osDelay)
    [Anonymous Symbol]                       0x08004b74   Section        0  cmsis_os.o(.text.osKernelStart)
    [Anonymous Symbol]                       0x08004b80   Section        0  cmsis_os.o(.text.osThreadCreate)
    [Anonymous Symbol]                       0x08004c2c   Section        0  cmsis_os.o(.text.osThreadTerminate)
    prvAddCurrentTaskToDelayedList           0x08004c41   Thumb Code   244  tasks.o(.text.prvAddCurrentTaskToDelayedList)
    [Anonymous Symbol]                       0x08004c40   Section        0  tasks.o(.text.prvAddCurrentTaskToDelayedList)
    prvAddNewTaskToReadyList                 0x08004d35   Thumb Code   272  tasks.o(.text.prvAddNewTaskToReadyList)
    [Anonymous Symbol]                       0x08004d34   Section        0  tasks.o(.text.prvAddNewTaskToReadyList)
    prvCheckTasksWaitingTermination          0x08004e45   Thumb Code    90  tasks.o(.text.prvCheckTasksWaitingTermination)
    [Anonymous Symbol]                       0x08004e44   Section        0  tasks.o(.text.prvCheckTasksWaitingTermination)
    prvDeleteTCB                             0x08004ea1   Thumb Code    94  tasks.o(.text.prvDeleteTCB)
    [Anonymous Symbol]                       0x08004ea0   Section        0  tasks.o(.text.prvDeleteTCB)
    prvHeapInit                              0x08004f01   Thumb Code   188  heap_4.o(.text.prvHeapInit)
    [Anonymous Symbol]                       0x08004f00   Section        0  heap_4.o(.text.prvHeapInit)
    prvIdleTask                              0x08004fbd   Thumb Code    56  tasks.o(.text.prvIdleTask)
    [Anonymous Symbol]                       0x08004fbc   Section        0  tasks.o(.text.prvIdleTask)
    prvInitialiseNewTask                     0x08004ff5   Thumb Code   258  tasks.o(.text.prvInitialiseNewTask)
    [Anonymous Symbol]                       0x08004ff4   Section        0  tasks.o(.text.prvInitialiseNewTask)
    prvInitialiseTaskLists                   0x080050f9   Thumb Code   142  tasks.o(.text.prvInitialiseTaskLists)
    [Anonymous Symbol]                       0x080050f8   Section        0  tasks.o(.text.prvInitialiseTaskLists)
    prvInsertBlockIntoFreeList               0x08005189   Thumb Code   198  heap_4.o(.text.prvInsertBlockIntoFreeList)
    [Anonymous Symbol]                       0x08005188   Section        0  heap_4.o(.text.prvInsertBlockIntoFreeList)
    prvPortStartFirstTask                    0x08005251   Thumb Code    26  port.o(.text.prvPortStartFirstTask)
    [Anonymous Symbol]                       0x08005250   Section        0  port.o(.text.prvPortStartFirstTask)
    prvResetNextTaskUnblockTime              0x08005271   Thumb Code    70  tasks.o(.text.prvResetNextTaskUnblockTime)
    [Anonymous Symbol]                       0x08005270   Section        0  tasks.o(.text.prvResetNextTaskUnblockTime)
    prvTaskExitError                         0x080052b9   Thumb Code    76  port.o(.text.prvTaskExitError)
    [Anonymous Symbol]                       0x080052b8   Section        0  port.o(.text.prvTaskExitError)
    [Anonymous Symbol]                       0x08005304   Section        0  heap_4.o(.text.pvPortMalloc)
    [Anonymous Symbol]                       0x080054e4   Section        0  port.o(.text.pxPortInitialiseStack)
    [Anonymous Symbol]                       0x08005534   Section        0  list.o(.text.uxListRemove)
    [Anonymous Symbol]                       0x0800557c   Section        0  freertos.o(.text.vApplicationGetIdleTaskMemory)
    [Anonymous Symbol]                       0x080055a8   Section        0  list.o(.text.vListInitialise)
    [Anonymous Symbol]                       0x080055d8   Section        0  list.o(.text.vListInitialiseItem)
    [Anonymous Symbol]                       0x080055e8   Section        0  list.o(.text.vListInsert)
    [Anonymous Symbol]                       0x08005654   Section        0  list.o(.text.vListInsertEnd)
    [Anonymous Symbol]                       0x08005690   Section        0  port.o(.text.vPortEnterCritical)
    [Anonymous Symbol]                       0x080056e8   Section        0  port.o(.text.vPortExitCritical)
    [Anonymous Symbol]                       0x08005734   Section        0  heap_4.o(.text.vPortFree)
    [Anonymous Symbol]                       0x080057f4   Section        0  port.o(.text.vPortSetupTimerInterrupt)
    [Anonymous Symbol]                       0x08005838   Section        0  tasks.o(.text.vTaskDelay)
    [Anonymous Symbol]                       0x080058a8   Section        0  tasks.o(.text.vTaskDelayUntil)
    [Anonymous Symbol]                       0x080059bc   Section        0  tasks.o(.text.vTaskDelete)
    [Anonymous Symbol]                       0x08005afc   Section        0  tasks.o(.text.vTaskStartScheduler)
    [Anonymous Symbol]                       0x08005bcc   Section        0  tasks.o(.text.vTaskSuspendAll)
    [Anonymous Symbol]                       0x08005bdc   Section        0  tasks.o(.text.vTaskSwitchContext)
    [Anonymous Symbol]                       0x08005c9c   Section        0  port.o(.text.xPortStartScheduler)
    [Anonymous Symbol]                       0x08005d84   Section        0  tasks.o(.text.xTaskCreate)
    [Anonymous Symbol]                       0x08005e24   Section        0  tasks.o(.text.xTaskCreateStatic)
    [Anonymous Symbol]                       0x08005ef0   Section        0  tasks.o(.text.xTaskGetTickCount)
    [Anonymous Symbol]                       0x08005f04   Section        0  tasks.o(.text.xTaskIncrementTick)
    [Anonymous Symbol]                       0x080060bc   Section        0  tasks.o(.text.xTaskResumeAll)
    .L__const.MX_FREERTOS_Init.os_thread_def_defaultTask 0x08006234   Data          28  freertos.o(.rodata..L__const.MX_FREERTOS_Init.os_thread_def_defaultTask)
    HAL_RCC_GetSysClockFreq.aPLLMULFactorTable 0x08006268   Data          16  stm32f1xx_hal_rcc.o(.rodata.HAL_RCC_GetSysClockFreq.aPLLMULFactorTable)
    [Anonymous Symbol]                       0x08006268   Section        0  stm32f1xx_hal_rcc.o(.rodata.HAL_RCC_GetSysClockFreq.aPLLMULFactorTable)
    HAL_RCC_GetSysClockFreq.aPredivFactorTable 0x08006278   Data           2  stm32f1xx_hal_rcc.o(.rodata.HAL_RCC_GetSysClockFreq.aPredivFactorTable)
    [Anonymous Symbol]                       0x08006278   Section        0  stm32f1xx_hal_rcc.o(.rodata.HAL_RCC_GetSysClockFreq.aPredivFactorTable)
    [Anonymous Symbol]                       0x0800627a   Section        0  freertos.o(.rodata.str1.1)
    .L.str                                   0x08006286   Data           5  tasks.o(.rodata.str1.1)
    [Anonymous Symbol]                       0x08006286   Section        0  tasks.o(.rodata.str1.1)
    .L.str                                   0x0800628b   Data          10  sys_app.o(.rodata.str1.1)
    [Anonymous Symbol]                       0x0800628b   Section        0  sys_app.o(.rodata.str1.1)
    uxCriticalNesting                        0x200000a4   Data           4  port.o(.data.uxCriticalNesting)
    [Anonymous Symbol]                       0x200000a4   Section        0  port.o(.data.uxCriticalNesting)
    .bss                                     0x200000a8   Section       96  libspace.o(.bss)
    pxDelayedTaskList                        0x200003b8   Data           4  tasks.o(.bss.pxDelayedTaskList)
    [Anonymous Symbol]                       0x200003b8   Section        0  tasks.o(.bss.pxDelayedTaskList)
    pxEnd                                    0x200003bc   Data           4  heap_4.o(.bss.pxEnd)
    [Anonymous Symbol]                       0x200003bc   Section        0  heap_4.o(.bss.pxEnd)
    pxOverflowDelayedTaskList                0x200003c0   Data           4  tasks.o(.bss.pxOverflowDelayedTaskList)
    [Anonymous Symbol]                       0x200003c0   Section        0  tasks.o(.bss.pxOverflowDelayedTaskList)
    pxReadyTasksLists                        0x200003c4   Data         140  tasks.o(.bss.pxReadyTasksLists)
    [Anonymous Symbol]                       0x200003c4   Section        0  tasks.o(.bss.pxReadyTasksLists)
    ucHeap                                   0x20000450   Data        3072  heap_4.o(.bss.ucHeap)
    [Anonymous Symbol]                       0x20000450   Section        0  heap_4.o(.bss.ucHeap)
    ucMaxSysCallPriority                     0x20001050   Data           1  port.o(.bss.ucMaxSysCallPriority)
    [Anonymous Symbol]                       0x20001050   Section        0  port.o(.bss.ucMaxSysCallPriority)
    ulMaxPRIGROUPValue                       0x20001054   Data           4  port.o(.bss.ulMaxPRIGROUPValue)
    [Anonymous Symbol]                       0x20001054   Section        0  port.o(.bss.ulMaxPRIGROUPValue)
    uxCurrentNumberOfTasks                   0x2000105c   Data           4  tasks.o(.bss.uxCurrentNumberOfTasks)
    [Anonymous Symbol]                       0x2000105c   Section        0  tasks.o(.bss.uxCurrentNumberOfTasks)
    uxDeletedTasksWaitingCleanUp             0x20001060   Data           4  tasks.o(.bss.uxDeletedTasksWaitingCleanUp)
    [Anonymous Symbol]                       0x20001060   Section        0  tasks.o(.bss.uxDeletedTasksWaitingCleanUp)
    uxPendedTicks                            0x20001064   Data           4  tasks.o(.bss.uxPendedTicks)
    [Anonymous Symbol]                       0x20001064   Section        0  tasks.o(.bss.uxPendedTicks)
    uxSchedulerSuspended                     0x20001068   Data           4  tasks.o(.bss.uxSchedulerSuspended)
    [Anonymous Symbol]                       0x20001068   Section        0  tasks.o(.bss.uxSchedulerSuspended)
    uxTaskNumber                             0x2000106c   Data           4  tasks.o(.bss.uxTaskNumber)
    [Anonymous Symbol]                       0x2000106c   Section        0  tasks.o(.bss.uxTaskNumber)
    uxTopReadyPriority                       0x20001070   Data           4  tasks.o(.bss.uxTopReadyPriority)
    [Anonymous Symbol]                       0x20001070   Section        0  tasks.o(.bss.uxTopReadyPriority)
    xBlockAllocatedBit                       0x20001078   Data           4  heap_4.o(.bss.xBlockAllocatedBit)
    [Anonymous Symbol]                       0x20001078   Section        0  heap_4.o(.bss.xBlockAllocatedBit)
    xDelayedTaskList1                        0x2000107c   Data          20  tasks.o(.bss.xDelayedTaskList1)
    [Anonymous Symbol]                       0x2000107c   Section        0  tasks.o(.bss.xDelayedTaskList1)
    xDelayedTaskList2                        0x20001090   Data          20  tasks.o(.bss.xDelayedTaskList2)
    [Anonymous Symbol]                       0x20001090   Section        0  tasks.o(.bss.xDelayedTaskList2)
    xFreeBytesRemaining                      0x200010a4   Data           4  heap_4.o(.bss.xFreeBytesRemaining)
    [Anonymous Symbol]                       0x200010a4   Section        0  heap_4.o(.bss.xFreeBytesRemaining)
    xIdleStack                               0x200010a8   Data         512  freertos.o(.bss.xIdleStack)
    [Anonymous Symbol]                       0x200010a8   Section        0  freertos.o(.bss.xIdleStack)
    xIdleTaskHandle                          0x200012a8   Data           4  tasks.o(.bss.xIdleTaskHandle)
    [Anonymous Symbol]                       0x200012a8   Section        0  tasks.o(.bss.xIdleTaskHandle)
    xIdleTaskTCBBuffer                       0x200012ac   Data          84  freertos.o(.bss.xIdleTaskTCBBuffer)
    [Anonymous Symbol]                       0x200012ac   Section        0  freertos.o(.bss.xIdleTaskTCBBuffer)
    xMinimumEverFreeBytesRemaining           0x20001300   Data           4  heap_4.o(.bss.xMinimumEverFreeBytesRemaining)
    [Anonymous Symbol]                       0x20001300   Section        0  heap_4.o(.bss.xMinimumEverFreeBytesRemaining)
    xNextTaskUnblockTime                     0x20001304   Data           4  tasks.o(.bss.xNextTaskUnblockTime)
    [Anonymous Symbol]                       0x20001304   Section        0  tasks.o(.bss.xNextTaskUnblockTime)
    xNumOfOverflows                          0x20001308   Data           4  tasks.o(.bss.xNumOfOverflows)
    [Anonymous Symbol]                       0x20001308   Section        0  tasks.o(.bss.xNumOfOverflows)
    xPendingReadyList                        0x2000130c   Data          20  tasks.o(.bss.xPendingReadyList)
    [Anonymous Symbol]                       0x2000130c   Section        0  tasks.o(.bss.xPendingReadyList)
    xSchedulerRunning                        0x20001320   Data           4  tasks.o(.bss.xSchedulerRunning)
    [Anonymous Symbol]                       0x20001320   Section        0  tasks.o(.bss.xSchedulerRunning)
    xStart                                   0x20001324   Data           8  heap_4.o(.bss.xStart)
    [Anonymous Symbol]                       0x20001324   Section        0  heap_4.o(.bss.xStart)
    xSuspendedTaskList                       0x2000132c   Data          20  tasks.o(.bss.xSuspendedTaskList)
    [Anonymous Symbol]                       0x2000132c   Section        0  tasks.o(.bss.xSuspendedTaskList)
    xTasksWaitingTermination                 0x20001340   Data          20  tasks.o(.bss.xTasksWaitingTermination)
    [Anonymous Symbol]                       0x20001340   Section        0  tasks.o(.bss.xTasksWaitingTermination)
    xTickCount                               0x20001354   Data           4  tasks.o(.bss.xTickCount)
    [Anonymous Symbol]                       0x20001354   Section        0  tasks.o(.bss.xTickCount)
    xYieldPending                            0x20001358   Data           4  tasks.o(.bss.xYieldPending)
    [Anonymous Symbol]                       0x20001358   Section        0  tasks.o(.bss.xYieldPending)
    Heap_Mem                                 0x20001360   Data         512  startup_stm32f103xb.o(HEAP)
    HEAP                                     0x20001360   Section      512  startup_stm32f103xb.o(HEAP)
    Stack_Mem                                0x20001560   Data        1024  startup_stm32f103xb.o(STACK)
    STACK                                    0x20001560   Section     1024  startup_stm32f103xb.o(STACK)
    __initial_sp                             0x20001960   Data           0  startup_stm32f103xb.o(STACK)

    Global Symbols

    Symbol Name                              Value     Ov Type        Size  Object(Section)

    BuildAttributes$$THM_ISAv4$P$D$K$B$S$PE$A:L22UL41UL21$X:L11$S22US41US21$IEEE1$IW$~IW$USESV6$~STKCKD$USESV7$~SHL$OSPACE$ROPI$EBA8$UX$STANDARDLIB$REQ8$PRES8$EABIv2 0x00000000   Number         0  anon$$obj.o ABSOLUTE
    __fp_init_empty                          0x00000000   Number         0  fpinit_empty.o ABSOLUTE
    __ARM_exceptions_init                     - Undefined Weak Reference
    __alloca_initialize                       - Undefined Weak Reference
    __arm_preinit_                            - Undefined Weak Reference
    __arm_relocate_pie_                       - Undefined Weak Reference
    __cpp_initialize__aeabi_                  - Undefined Weak Reference
    __cxa_finalize                            - Undefined Weak Reference
    __rt_locale                               - Undefined Weak Reference
    __sigvec_lookup                           - Undefined Weak Reference
    _atexit_init                              - Undefined Weak Reference
    _call_atexit_fns                          - Undefined Weak Reference
    _clock_init                               - Undefined Weak Reference
    _fp_trap_init                             - Undefined Weak Reference
    _fp_trap_shutdown                         - Undefined Weak Reference
    _get_lc_collate                           - Undefined Weak Reference
    _get_lc_ctype                             - Undefined Weak Reference
    _get_lc_monetary                          - Undefined Weak Reference
    _get_lc_numeric                           - Undefined Weak Reference
    _get_lc_time                              - Undefined Weak Reference
    _getenv_init                              - Undefined Weak Reference
    _handle_redirection                       - Undefined Weak Reference
    _init_alloc                               - Undefined Weak Reference
    _init_user_alloc                          - Undefined Weak Reference
    _initio                                   - Undefined Weak Reference
    _rand_init                                - Undefined Weak Reference
    _signal_finish                            - Undefined Weak Reference
    _signal_init                              - Undefined Weak Reference
    _terminate_alloc                          - Undefined Weak Reference
    _terminate_user_alloc                     - Undefined Weak Reference
    _terminateio                              - Undefined Weak Reference
    __Vectors_Size                           0x000000ec   Number         0  startup_stm32f103xb.o ABSOLUTE
    __Vectors                                0x08000000   Data           4  startup_stm32f103xb.o(RESET)
    __Vectors_End                            0x080000ec   Data           0  startup_stm32f103xb.o(RESET)
    __main                                   0x080000ed   Thumb Code     8  __main.o(!!!main)
    __scatterload                            0x080000f5   Thumb Code     0  __scatter.o(!!!scatter)
    __scatterload_rt2                        0x080000f5   Thumb Code    84  __scatter.o(!!!scatter)
    __scatterload_rt2_thumb_only             0x080000f5   Thumb Code     0  __scatter.o(!!!scatter)
    __scatterload_loop                       0x080000ff   Thumb Code     0  __scatter.o(!!!scatter)
    __scatterload_copy                       0x08000151   Thumb Code    26  __scatter_copy.o(!!handler_copy)
    __scatterload_null                       0x0800016d   Thumb Code     2  __scatter.o(!!handler_null)
    __scatterload_zeroinit                   0x08000171   Thumb Code    28  __scatter_zi.o(!!handler_zi)
    __rt_lib_init                            0x0800018d   Thumb Code     0  libinit.o(.ARM.Collect$$libinit$$00000000)
    __rt_lib_init_alloca_1                   0x0800018f   Thumb Code     0  libinit2.o(.ARM.Collect$$libinit$$00000030)
    __rt_lib_init_argv_1                     0x0800018f   Thumb Code     0  libinit2.o(.ARM.Collect$$libinit$$0000002E)
    __rt_lib_init_atexit_1                   0x0800018f   Thumb Code     0  libinit2.o(.ARM.Collect$$libinit$$0000001D)
    __rt_lib_init_clock_1                    0x0800018f   Thumb Code     0  libinit2.o(.ARM.Collect$$libinit$$00000023)
    __rt_lib_init_cpp_1                      0x0800018f   Thumb Code     0  libinit2.o(.ARM.Collect$$libinit$$00000034)
    __rt_lib_init_exceptions_1               0x0800018f   Thumb Code     0  libinit2.o(.ARM.Collect$$libinit$$00000032)
    __rt_lib_init_fp_1                       0x0800018f   Thumb Code     0  libinit2.o(.ARM.Collect$$libinit$$00000002)
    __rt_lib_init_fp_trap_1                  0x0800018f   Thumb Code     0  libinit2.o(.ARM.Collect$$libinit$$00000021)
    __rt_lib_init_getenv_1                   0x0800018f   Thumb Code     0  libinit2.o(.ARM.Collect$$libinit$$00000025)
    __rt_lib_init_heap_1                     0x0800018f   Thumb Code     0  libinit2.o(.ARM.Collect$$libinit$$0000000C)
    __rt_lib_init_lc_collate_1               0x0800018f   Thumb Code     0  libinit2.o(.ARM.Collect$$libinit$$00000013)
    __rt_lib_init_lc_ctype_1                 0x0800018f   Thumb Code     0  libinit2.o(.ARM.Collect$$libinit$$00000015)
    __rt_lib_init_lc_monetary_1              0x0800018f   Thumb Code     0  libinit2.o(.ARM.Collect$$libinit$$00000017)
    __rt_lib_init_lc_numeric_1               0x0800018f   Thumb Code     0  libinit2.o(.ARM.Collect$$libinit$$00000019)
    __rt_lib_init_lc_time_1                  0x0800018f   Thumb Code     0  libinit2.o(.ARM.Collect$$libinit$$0000001B)
    __rt_lib_init_preinit_1                  0x0800018f   Thumb Code     0  libinit2.o(.ARM.Collect$$libinit$$00000006)
    __rt_lib_init_rand_1                     0x0800018f   Thumb Code     0  libinit2.o(.ARM.Collect$$libinit$$00000010)
    __rt_lib_init_relocate_pie_1             0x0800018f   Thumb Code     0  libinit2.o(.ARM.Collect$$libinit$$00000004)
    __rt_lib_init_return                     0x0800018f   Thumb Code     0  libinit2.o(.ARM.Collect$$libinit$$00000035)
    __rt_lib_init_signal_1                   0x0800018f   Thumb Code     0  libinit2.o(.ARM.Collect$$libinit$$0000001F)
    __rt_lib_init_stdio_1                    0x0800018f   Thumb Code     0  libinit2.o(.ARM.Collect$$libinit$$00000027)
    __rt_lib_init_user_alloc_1               0x0800018f   Thumb Code     0  libinit2.o(.ARM.Collect$$libinit$$0000000E)
    __rt_lib_shutdown                        0x08000191   Thumb Code     0  libshutdown.o(.ARM.Collect$$libshutdown$$00000000)
    __rt_lib_shutdown_cpp_1                  0x08000193   Thumb Code     0  libshutdown2.o(.ARM.Collect$$libshutdown$$00000002)
    __rt_lib_shutdown_fp_trap_1              0x08000193   Thumb Code     0  libshutdown2.o(.ARM.Collect$$libshutdown$$00000007)
    __rt_lib_shutdown_heap_1                 0x08000193   Thumb Code     0  libshutdown2.o(.ARM.Collect$$libshutdown$$0000000F)
    __rt_lib_shutdown_return                 0x08000193   Thumb Code     0  libshutdown2.o(.ARM.Collect$$libshutdown$$00000010)
    __rt_lib_shutdown_signal_1               0x08000193   Thumb Code     0  libshutdown2.o(.ARM.Collect$$libshutdown$$0000000A)
    __rt_lib_shutdown_stdio_1                0x08000193   Thumb Code     0  libshutdown2.o(.ARM.Collect$$libshutdown$$00000004)
    __rt_lib_shutdown_user_alloc_1           0x08000193   Thumb Code     0  libshutdown2.o(.ARM.Collect$$libshutdown$$0000000C)
    __rt_entry                               0x08000195   Thumb Code     0  __rtentry.o(.ARM.Collect$$rtentry$$00000000)
    __rt_entry_presh_1                       0x08000195   Thumb Code     0  __rtentry2.o(.ARM.Collect$$rtentry$$00000002)
    __rt_entry_sh                            0x08000195   Thumb Code     0  __rtentry4.o(.ARM.Collect$$rtentry$$00000004)
    __rt_entry_li                            0x0800019b   Thumb Code     0  __rtentry2.o(.ARM.Collect$$rtentry$$0000000A)
    __rt_entry_postsh_1                      0x0800019b   Thumb Code     0  __rtentry2.o(.ARM.Collect$$rtentry$$00000009)
    __rt_entry_main                          0x0800019f   Thumb Code     0  __rtentry2.o(.ARM.Collect$$rtentry$$0000000D)
    __rt_entry_postli_1                      0x0800019f   Thumb Code     0  __rtentry2.o(.ARM.Collect$$rtentry$$0000000C)
    __rt_exit                                0x080001a7   Thumb Code     0  rtexit.o(.ARM.Collect$$rtexit$$00000000)
    __rt_exit_ls                             0x080001a9   Thumb Code     0  rtexit2.o(.ARM.Collect$$rtexit$$00000003)
    __rt_exit_prels_1                        0x080001a9   Thumb Code     0  rtexit2.o(.ARM.Collect$$rtexit$$00000002)
    __rt_exit_exit                           0x080001ad   Thumb Code     0  rtexit2.o(.ARM.Collect$$rtexit$$00000004)
    Reset_Handler                            0x080001b5   Thumb Code     8  startup_stm32f103xb.o(.text)
    ADC1_2_IRQHandler                        0x080001cf   Thumb Code     0  startup_stm32f103xb.o(.text)
    CAN1_RX1_IRQHandler                      0x080001cf   Thumb Code     0  startup_stm32f103xb.o(.text)
    CAN1_SCE_IRQHandler                      0x080001cf   Thumb Code     0  startup_stm32f103xb.o(.text)
    DMA1_Channel1_IRQHandler                 0x080001cf   Thumb Code     0  startup_stm32f103xb.o(.text)
    DMA1_Channel2_IRQHandler                 0x080001cf   Thumb Code     0  startup_stm32f103xb.o(.text)
    DMA1_Channel3_IRQHandler                 0x080001cf   Thumb Code     0  startup_stm32f103xb.o(.text)
    EXTI0_IRQHandler                         0x080001cf   Thumb Code     0  startup_stm32f103xb.o(.text)
    EXTI15_10_IRQHandler                     0x080001cf   Thumb Code     0  startup_stm32f103xb.o(.text)
    EXTI1_IRQHandler                         0x080001cf   Thumb Code     0  startup_stm32f103xb.o(.text)
    EXTI2_IRQHandler                         0x080001cf   Thumb Code     0  startup_stm32f103xb.o(.text)
    EXTI3_IRQHandler                         0x080001cf   Thumb Code     0  startup_stm32f103xb.o(.text)
    EXTI4_IRQHandler                         0x080001cf   Thumb Code     0  startup_stm32f103xb.o(.text)
    EXTI9_5_IRQHandler                       0x080001cf   Thumb Code     0  startup_stm32f103xb.o(.text)
    FLASH_IRQHandler                         0x080001cf   Thumb Code     0  startup_stm32f103xb.o(.text)
    I2C1_ER_IRQHandler                       0x080001cf   Thumb Code     0  startup_stm32f103xb.o(.text)
    I2C1_EV_IRQHandler                       0x080001cf   Thumb Code     0  startup_stm32f103xb.o(.text)
    I2C2_ER_IRQHandler                       0x080001cf   Thumb Code     0  startup_stm32f103xb.o(.text)
    I2C2_EV_IRQHandler                       0x080001cf   Thumb Code     0  startup_stm32f103xb.o(.text)
    PVD_IRQHandler                           0x080001cf   Thumb Code     0  startup_stm32f103xb.o(.text)
    RCC_IRQHandler                           0x080001cf   Thumb Code     0  startup_stm32f103xb.o(.text)
    RTC_Alarm_IRQHandler                     0x080001cf   Thumb Code     0  startup_stm32f103xb.o(.text)
    RTC_IRQHandler                           0x080001cf   Thumb Code     0  startup_stm32f103xb.o(.text)
    SPI1_IRQHandler                          0x080001cf   Thumb Code     0  startup_stm32f103xb.o(.text)
    SPI2_IRQHandler                          0x080001cf   Thumb Code     0  startup_stm32f103xb.o(.text)
    TAMPER_IRQHandler                        0x080001cf   Thumb Code     0  startup_stm32f103xb.o(.text)
    TIM1_BRK_IRQHandler                      0x080001cf   Thumb Code     0  startup_stm32f103xb.o(.text)
    TIM1_CC_IRQHandler                       0x080001cf   Thumb Code     0  startup_stm32f103xb.o(.text)
    TIM1_TRG_COM_IRQHandler                  0x080001cf   Thumb Code     0  startup_stm32f103xb.o(.text)
    TIM1_UP_IRQHandler                       0x080001cf   Thumb Code     0  startup_stm32f103xb.o(.text)
    TIM2_IRQHandler                          0x080001cf   Thumb Code     0  startup_stm32f103xb.o(.text)
    TIM3_IRQHandler                          0x080001cf   Thumb Code     0  startup_stm32f103xb.o(.text)
    USART3_IRQHandler                        0x080001cf   Thumb Code     0  startup_stm32f103xb.o(.text)
    USBWakeUp_IRQHandler                     0x080001cf   Thumb Code     0  startup_stm32f103xb.o(.text)
    USB_HP_CAN1_TX_IRQHandler                0x080001cf   Thumb Code     0  startup_stm32f103xb.o(.text)
    USB_LP_CAN1_RX0_IRQHandler               0x080001cf   Thumb Code     0  startup_stm32f103xb.o(.text)
    WWDG_IRQHandler                          0x080001cf   Thumb Code     0  startup_stm32f103xb.o(.text)
    __user_initial_stackheap                 0x080001d1   Thumb Code     0  startup_stm32f103xb.o(.text)
    __aeabi_memclr4                          0x080001f5   Thumb Code     0  rt_memclr_w.o(.text)
    __aeabi_memclr8                          0x080001f5   Thumb Code     0  rt_memclr_w.o(.text)
    __rt_memclr_w                            0x080001f5   Thumb Code     0  rt_memclr_w.o(.text)
    _memset_w                                0x080001f9   Thumb Code    74  rt_memclr_w.o(.text)
    __use_two_region_memory                  0x08000243   Thumb Code     2  heapauxi.o(.text)
    __rt_heap_escrow$2region                 0x08000245   Thumb Code     2  heapauxi.o(.text)
    __rt_heap_expand$2region                 0x08000247   Thumb Code     2  heapauxi.o(.text)
    __user_setup_stackheap                   0x08000249   Thumb Code    74  sys_stackheap_outer.o(.text)
    exit                                     0x08000293   Thumb Code    18  exit.o(.text)
    __user_libspace                          0x080002a5   Thumb Code     8  libspace.o(.text)
    __user_perproc_libspace                  0x080002a5   Thumb Code     0  libspace.o(.text)
    __user_perthread_libspace                0x080002a5   Thumb Code     0  libspace.o(.text)
    _sys_exit                                0x080002ad   Thumb Code     8  sys_exit.o(.text)
    __I$use$semihosting                      0x080002b9   Thumb Code     0  use_no_semi.o(.text)
    __use_no_semihosting_swi                 0x080002b9   Thumb Code     2  use_no_semi.o(.text)
    __semihosting_library_function           0x080002bb   Thumb Code     0  indicate_semi.o(.text)
    ADC_ConversionStop_Disable               0x080002bd   Thumb Code   130  stm32f1xx_hal_adc.o(.text.ADC_ConversionStop_Disable)
    BusFault_Handler                         0x08000341   Thumb Code     4  stm32f1xx_it.o(.text.BusFault_Handler)
    CalulateCRC                              0x08000345   Thumb Code   190  rc522.o(.text.CalulateCRC)
    ClearBitMask                             0x08000405   Thumb Code    52  rc522.o(.text.ClearBitMask)
    DFplayerCallback                         0x08000439   Thumb Code   116  dfplayer.o(.text.DFplayerCallback)
    DFplayerInit                             0x080004ad   Thumb Code    42  dfplayer.o(.text.DFplayerInit)
    DMA1_Channel4_IRQHandler                 0x080004d9   Thumb Code    16  stm32f1xx_it.o(.text.DMA1_Channel4_IRQHandler)
    DMA1_Channel5_IRQHandler                 0x080004e9   Thumb Code    16  stm32f1xx_it.o(.text.DMA1_Channel5_IRQHandler)
    DMA1_Channel6_IRQHandler                 0x080004f9   Thumb Code    16  stm32f1xx_it.o(.text.DMA1_Channel6_IRQHandler)
    DMA1_Channel7_IRQHandler                 0x08000509   Thumb Code    16  stm32f1xx_it.o(.text.DMA1_Channel7_IRQHandler)
    DebugMon_Handler                         0x08000569   Thumb Code     2  stm32f1xx_it.o(.text.DebugMon_Handler)
    DebugMonitorInit                         0x0800056d   Thumb Code    42  debugmonitor.o(.text.DebugMonitorInit)
    Error_Handler                            0x08000599   Thumb Code    14  main.o(.text.Error_Handler)
    HAL_ADC_ConfigChannel                    0x080005a9   Thumb Code   436  stm32f1xx_hal_adc.o(.text.HAL_ADC_ConfigChannel)
    HAL_ADC_Init                             0x0800075d   Thumb Code   530  stm32f1xx_hal_adc.o(.text.HAL_ADC_Init)
    HAL_ADC_MspInit                          0x08000971   Thumb Code   122  adc.o(.text.HAL_ADC_MspInit)
    HAL_DMA_Abort                            0x080009ed   Thumb Code   124  stm32f1xx_hal_dma.o(.text.HAL_DMA_Abort)
    HAL_DMA_Abort_IT                         0x08000a69   Thumb Code   284  stm32f1xx_hal_dma.o(.text.HAL_DMA_Abort_IT)
    HAL_DMA_IRQHandler                       0x08000b85   Thumb Code   646  stm32f1xx_hal_dma.o(.text.HAL_DMA_IRQHandler)
    HAL_DMA_Init                             0x08000e0d   Thumb Code   174  stm32f1xx_hal_dma.o(.text.HAL_DMA_Init)
    HAL_DMA_Start_IT                         0x08000ebd   Thumb Code   202  stm32f1xx_hal_dma.o(.text.HAL_DMA_Start_IT)
    HAL_GPIO_Init                            0x08000f89   Thumb Code   798  stm32f1xx_hal_gpio.o(.text.HAL_GPIO_Init)
    HAL_GPIO_ReadPin                         0x080012a9   Thumb Code    46  stm32f1xx_hal_gpio.o(.text.HAL_GPIO_ReadPin)
    HAL_GPIO_WritePin                        0x080012d9   Thumb Code    46  stm32f1xx_hal_gpio.o(.text.HAL_GPIO_WritePin)
    HAL_GetTick                              0x08001309   Thumb Code    12  stm32f1xx_hal.o(.text.HAL_GetTick)
    HAL_IncTick                              0x08001315   Thumb Code    26  stm32f1xx_hal.o(.text.HAL_IncTick)
    HAL_Init                                 0x08001331   Thumb Code    38  stm32f1xx_hal.o(.text.HAL_Init)
    HAL_InitTick                             0x08001359   Thumb Code   240  stm32f1xx_hal_timebase_tim.o(.text.HAL_InitTick)
    HAL_MspInit                              0x08001449   Thumb Code   114  stm32f1xx_hal_msp.o(.text.HAL_MspInit)
    HAL_NVIC_EnableIRQ                       0x080014bd   Thumb Code    20  stm32f1xx_hal_cortex.o(.text.HAL_NVIC_EnableIRQ)
    HAL_NVIC_SetPriority                     0x080014d1   Thumb Code    50  stm32f1xx_hal_cortex.o(.text.HAL_NVIC_SetPriority)
    HAL_NVIC_SetPriorityGrouping             0x08001505   Thumb Code    16  stm32f1xx_hal_cortex.o(.text.HAL_NVIC_SetPriorityGrouping)
    HAL_RCCEx_PeriphCLKConfig                0x08001515   Thumb Code   456  stm32f1xx_hal_rcc_ex.o(.text.HAL_RCCEx_PeriphCLKConfig)
    HAL_RCC_ClockConfig                      0x080016dd   Thumb Code   598  stm32f1xx_hal_rcc.o(.text.HAL_RCC_ClockConfig)
    HAL_RCC_GetClockConfig                   0x08001935   Thumb Code    84  stm32f1xx_hal_rcc.o(.text.HAL_RCC_GetClockConfig)
    HAL_RCC_GetHCLKFreq                      0x08001989   Thumb Code    12  stm32f1xx_hal_rcc.o(.text.HAL_RCC_GetHCLKFreq)
    HAL_RCC_GetPCLK1Freq                     0x08001995   Thumb Code    34  stm32f1xx_hal_rcc.o(.text.HAL_RCC_GetPCLK1Freq)
    HAL_RCC_GetPCLK2Freq                     0x080019b9   Thumb Code    34  stm32f1xx_hal_rcc.o(.text.HAL_RCC_GetPCLK2Freq)
    HAL_RCC_GetSysClockFreq                  0x080019dd   Thumb Code   188  stm32f1xx_hal_rcc.o(.text.HAL_RCC_GetSysClockFreq)
    HAL_RCC_OscConfig                        0x08001a99   Thumb Code  1658  stm32f1xx_hal_rcc.o(.text.HAL_RCC_OscConfig)
    HAL_SPI_Init                             0x08002115   Thumb Code   248  stm32f1xx_hal_spi.o(.text.HAL_SPI_Init)
    HAL_SPI_MspInit                          0x0800220d   Thumb Code   148  spi.o(.text.HAL_SPI_MspInit)
    HAL_TIMEx_BreakCallback                  0x080022a1   Thumb Code     8  stm32f1xx_hal_tim_ex.o(.text.HAL_TIMEx_BreakCallback)
    HAL_TIMEx_CommutCallback                 0x080022a9   Thumb Code     8  stm32f1xx_hal_tim_ex.o(.text.HAL_TIMEx_CommutCallback)
    HAL_TIM_Base_Init                        0x080022b1   Thumb Code   156  stm32f1xx_hal_tim.o(.text.HAL_TIM_Base_Init)
    HAL_TIM_Base_MspInit                     0x0800234d   Thumb Code     8  stm32f1xx_hal_tim.o(.text.HAL_TIM_Base_MspInit)
    HAL_TIM_Base_Start_IT                    0x08002355   Thumb Code   176  stm32f1xx_hal_tim.o(.text.HAL_TIM_Base_Start_IT)
    HAL_TIM_IC_CaptureCallback               0x08002405   Thumb Code     8  stm32f1xx_hal_tim.o(.text.HAL_TIM_IC_CaptureCallback)
    HAL_TIM_IRQHandler                       0x0800240d   Thumb Code   634  stm32f1xx_hal_tim.o(.text.HAL_TIM_IRQHandler)
    HAL_TIM_OC_DelayElapsedCallback          0x08002689   Thumb Code     8  stm32f1xx_hal_tim.o(.text.HAL_TIM_OC_DelayElapsedCallback)
    HAL_TIM_PWM_PulseFinishedCallback        0x08002691   Thumb Code     8  stm32f1xx_hal_tim.o(.text.HAL_TIM_PWM_PulseFinishedCallback)
    HAL_TIM_PeriodElapsedCallback            0x08002699   Thumb Code    34  main.o(.text.HAL_TIM_PeriodElapsedCallback)
    HAL_TIM_TriggerCallback                  0x080026bd   Thumb Code     8  stm32f1xx_hal_tim.o(.text.HAL_TIM_TriggerCallback)
    HAL_UARTEx_RxEventCallback               0x080026c5   Thumb Code    12  stm32f1xx_hal_uart.o(.text.HAL_UARTEx_RxEventCallback)
    HAL_UART_DMAStop                         0x080026d1   Thumb Code   204  stm32f1xx_hal_uart.o(.text.HAL_UART_DMAStop)
    HAL_UART_ErrorCallback                   0x0800279d   Thumb Code     8  stm32f1xx_hal_uart.o(.text.HAL_UART_ErrorCallback)
    HAL_UART_IRQHandler                      0x080027a5   Thumb Code  1066  stm32f1xx_hal_uart.o(.text.HAL_UART_IRQHandler)
    HAL_UART_Init                            0x08002bd1   Thumb Code   158  stm32f1xx_hal_uart.o(.text.HAL_UART_Init)
    HAL_UART_MspInit                         0x08002c71   Thumb Code   610  usart.o(.text.HAL_UART_MspInit)
    HAL_UART_Receive_DMA                     0x08002ed5   Thumb Code    86  stm32f1xx_hal_uart.o(.text.HAL_UART_Receive_DMA)
    HAL_UART_Receive_IT                      0x08002f2d   Thumb Code    86  stm32f1xx_hal_uart.o(.text.HAL_UART_Receive_IT)
    HAL_UART_RxCpltCallback                  0x08002f85   Thumb Code     8  stm32f1xx_hal_uart.o(.text.HAL_UART_RxCpltCallback)
    HAL_UART_RxHalfCpltCallback              0x08002f8d   Thumb Code     8  stm32f1xx_hal_uart.o(.text.HAL_UART_RxHalfCpltCallback)
    HAL_UART_TxCpltCallback                  0x08002f95   Thumb Code     8  stm32f1xx_hal_uart.o(.text.HAL_UART_TxCpltCallback)
    HardFault_Handler                        0x08002f9d   Thumb Code     4  stm32f1xx_it.o(.text.HardFault_Handler)
    M500PcdConfigISOType                     0x08002fa1   Thumb Code   118  rc522.o(.text.M500PcdConfigISOType)
    MX_ADC1_Init                             0x08003019   Thumb Code   104  adc.o(.text.MX_ADC1_Init)
    MX_DMA_Init                              0x08003081   Thumb Code   114  dma.o(.text.MX_DMA_Init)
    MX_FREERTOS_Init                         0x080030f5   Thumb Code    70  freertos.o(.text.MX_FREERTOS_Init)
    MX_GPIO_Init                             0x0800313d   Thumb Code   286  gpio.o(.text.MX_GPIO_Init)
    MX_SPI1_Init                             0x0800325d   Thumb Code    78  spi.o(.text.MX_SPI1_Init)
    MX_USART1_UART_Init                      0x080032ad   Thumb Code    64  usart.o(.text.MX_USART1_UART_Init)
    MX_USART2_UART_Init                      0x080032ed   Thumb Code    64  usart.o(.text.MX_USART2_UART_Init)
    MemManage_Handler                        0x0800332d   Thumb Code     4  stm32f1xx_it.o(.text.MemManage_Handler)
    NMI_Handler                              0x08003331   Thumb Code     4  stm32f1xx_it.o(.text.NMI_Handler)
    NtagDetect                               0x080033a1   Thumb Code   206  rc522.o(.text.NtagDetect)
    PcdAntennaOff                            0x08003471   Thumb Code    12  rc522.o(.text.PcdAntennaOff)
    PcdAntennaOn                             0x0800347d   Thumb Code    38  rc522.o(.text.PcdAntennaOn)
    PcdAnticoll                              0x080034a5   Thumb Code   190  rc522.o(.text.PcdAnticoll)
    PcdAnticoll2                             0x08003565   Thumb Code   190  rc522.o(.text.PcdAnticoll2)
    PcdComMF522                              0x08003625   Thumb Code   526  rc522.o(.text.PcdComMF522)
    PcdRead                                  0x08003835   Thumb Code   140  rc522.o(.text.PcdRead)
    PcdRequest                               0x080038c1   Thumb Code   116  rc522.o(.text.PcdRequest)
    PcdReset                                 0x08003935   Thumb Code   144  rc522.o(.text.PcdReset)
    PcdSelect                                0x080039c5   Thumb Code   172  rc522.o(.text.PcdSelect)
    PcdSelect2                               0x08003a71   Thumb Code   172  rc522.o(.text.PcdSelect2)
    PcdWrite                                 0x08003b1d   Thumb Code   240  rc522.o(.text.PcdWrite)
    PendSV_Handler                           0x08003c11   Thumb Code    68  port.o(.text.PendSV_Handler)
    RFID_Init                                0x08003c91   Thumb Code    22  rc522.o(.text.RFID_Init)
    ReadRawRC                                0x08003ca9   Thumb Code   320  rc522.o(.text.ReadRawRC)
    SVC_Handler                              0x08003df1   Thumb Code    36  port.o(.text.SVC_Handler)
    SetBitMask                               0x08003e15   Thumb Code    52  rc522.o(.text.SetBitMask)
    StartDefaultTask                         0x08003e49   Thumb Code    34  freertos.o(.text.StartDefaultTask)
    SysInit                                  0x08003e6d   Thumb Code    12  sys_init.o(.text.SysInit)
    SysTick_Handler                          0x08003e79   Thumb Code    60  port.o(.text.SysTick_Handler)
    SystemClock_Config                       0x08003eb5   Thumb Code   144  main.o(.text.SystemClock_Config)
    SystemInit                               0x08003f45   Thumb Code     2  system_stm32f1xx.o(.text.SystemInit)
    TIM4_IRQHandler                          0x08003f49   Thumb Code    16  stm32f1xx_it.o(.text.TIM4_IRQHandler)
    TIM_Base_SetConfig                       0x08003f59   Thumb Code   240  stm32f1xx_hal_tim.o(.text.TIM_Base_SetConfig)
    UART_Start_Receive_DMA                   0x08004529   Thumb Code   268  stm32f1xx_hal_uart.o(.text.UART_Start_Receive_DMA)
    UART_Start_Receive_IT                    0x08004635   Thumb Code    98  stm32f1xx_hal_uart.o(.text.UART_Start_Receive_IT)
    USART1_IRQHandler                        0x0800472d   Thumb Code    16  stm32f1xx_it.o(.text.USART1_IRQHandler)
    USART2_IRQHandler                        0x0800473d   Thumb Code    20  stm32f1xx_it.o(.text.USART2_IRQHandler)
    UsageFault_Handler                       0x08004751   Thumb Code     4  stm32f1xx_it.o(.text.UsageFault_Handler)
    WriteRawRC                               0x08004755   Thumb Code   350  rc522.o(.text.WriteRawRC)
    TaskNtagDetect(void*)                    0x080048b5   Thumb Code    34  sys_app.o(.text._Z14TaskNtagDetectPv)
    TaskVolumeCtrl(void*)                    0x080048d9   Thumb Code    26  sys_app.o(.text._Z14TaskVolumeCtrlPv)
    AppInit()                                0x080048f5   Thumb Code   170  sys_app.o(.text._Z7AppInitv)
    TaskMp3(void*)                           0x080049a1   Thumb Code    26  sys_app.o(.text._Z7TaskMp3Pv)
    TaskDebug(void*)                         0x080049bd   Thumb Code    26  sys_app.o(.text._Z9TaskDebugPv)
    delay_10ms                               0x08004ab1   Thumb Code    62  rc522.o(.text.delay_10ms)
    main                                     0x08004af1   Thumb Code    52  main.o(.text.main)
    osDelay                                  0x08004b4d   Thumb Code    40  cmsis_os.o(.text.osDelay)
    osKernelStart                            0x08004b75   Thumb Code    10  cmsis_os.o(.text.osKernelStart)
    osThreadCreate                           0x08004b81   Thumb Code   172  cmsis_os.o(.text.osThreadCreate)
    osThreadTerminate                        0x08004c2d   Thumb Code    18  cmsis_os.o(.text.osThreadTerminate)
    pvPortMalloc                             0x08005305   Thumb Code   478  heap_4.o(.text.pvPortMalloc)
    pxPortInitialiseStack                    0x080054e5   Thumb Code    80  port.o(.text.pxPortInitialiseStack)
    uxListRemove                             0x08005535   Thumb Code    72  list.o(.text.uxListRemove)
    vApplicationGetIdleTaskMemory            0x0800557d   Thumb Code    42  freertos.o(.text.vApplicationGetIdleTaskMemory)
    vListInitialise                          0x080055a9   Thumb Code    46  list.o(.text.vListInitialise)
    vListInitialiseItem                      0x080055d9   Thumb Code    14  list.o(.text.vListInitialiseItem)
    vListInsert                              0x080055e9   Thumb Code   106  list.o(.text.vListInsert)
    vListInsertEnd                           0x08005655   Thumb Code    58  list.o(.text.vListInsertEnd)
    vPortEnterCritical                       0x08005691   Thumb Code    86  port.o(.text.vPortEnterCritical)
    vPortExitCritical                        0x080056e9   Thumb Code    74  port.o(.text.vPortExitCritical)
    vPortFree                                0x08005735   Thumb Code   192  heap_4.o(.text.vPortFree)
    vPortSetupTimerInterrupt                 0x080057f5   Thumb Code    68  port.o(.text.vPortSetupTimerInterrupt)
    vTaskDelay                               0x08005839   Thumb Code   110  tasks.o(.text.vTaskDelay)
    vTaskDelayUntil                          0x080058a9   Thumb Code   276  tasks.o(.text.vTaskDelayUntil)
    vTaskDelete                              0x080059bd   Thumb Code   320  tasks.o(.text.vTaskDelete)
    vTaskStartScheduler                      0x08005afd   Thumb Code   206  tasks.o(.text.vTaskStartScheduler)
    vTaskSuspendAll                          0x08005bcd   Thumb Code    16  tasks.o(.text.vTaskSuspendAll)
    vTaskSwitchContext                       0x08005bdd   Thumb Code   190  tasks.o(.text.vTaskSwitchContext)
    xPortStartScheduler                      0x08005c9d   Thumb Code   230  port.o(.text.xPortStartScheduler)
    xTaskCreate                              0x08005d85   Thumb Code   158  tasks.o(.text.xTaskCreate)
    xTaskCreateStatic                        0x08005e25   Thumb Code   204  tasks.o(.text.xTaskCreateStatic)
    xTaskGetTickCount                        0x08005ef1   Thumb Code    20  tasks.o(.text.xTaskGetTickCount)
    xTaskIncrementTick                       0x08005f05   Thumb Code   440  tasks.o(.text.xTaskIncrementTick)
    xTaskResumeAll                           0x080060bd   Thumb Code   376  tasks.o(.text.xTaskResumeAll)
    AHBPrescTable                            0x08006250   Data          16  system_stm32f1xx.o(.rodata.AHBPrescTable)
    APBPrescTable                            0x08006260   Data           8  system_stm32f1xx.o(.rodata.APBPrescTable)
    Region$$Table$$Base                      0x08006298   Number         0  anon$$obj.o(Region$$Table)
    Region$$Table$$Limit                     0x080062b8   Number         0  anon$$obj.o(Region$$Table)
    SystemCoreClock                          0x20000000   Data           4  system_stm32f1xx.o(.data.SystemCoreClock)
    mp3                                      0x20000004   Data          16  dfplayer.o(.data.mp3)
    uppermonitor                             0x20000014   Data         136  debugmonitor.o(.data.uppermonitor)
    uwTickFreq                               0x2000009c   Data           1  stm32f1xx_hal.o(.data.uwTickFreq)
    uwTickPrio                               0x200000a0   Data           4  stm32f1xx_hal.o(.data.uwTickPrio)
    __libspace_start                         0x200000a8   Data          96  libspace.o(.bss)
    CD_handle                                0x20000108   Data           4  sys_app.o(.bss.CD_handle)
    __temporary_stack_top$libspace           0x20000108   Data           0  libspace.o(.bss)
    Temp                                     0x2000010c   Data           4  rc522.o(.bss.Temp)
    UID                                      0x20000110   Data           8  rc522.o(.bss.UID)
    debug_handle                             0x20000118   Data           4  sys_app.o(.bss.debug_handle)
    defaultTaskHandle                        0x2000011c   Data           4  freertos.o(.bss.defaultTaskHandle)
    hadc1                                    0x20000120   Data          48  adc.o(.bss.hadc1)
    hdma_usart1_rx                           0x20000150   Data          68  usart.o(.bss.hdma_usart1_rx)
    hdma_usart1_tx                           0x20000194   Data          68  usart.o(.bss.hdma_usart1_tx)
    hdma_usart2_rx                           0x200001d8   Data          68  usart.o(.bss.hdma_usart2_rx)
    hdma_usart2_tx                           0x2000021c   Data          68  usart.o(.bss.hdma_usart2_tx)
    hspi1                                    0x20000260   Data          88  spi.o(.bss.hspi1)
    htim4                                    0x200002b8   Data          72  stm32f1xx_hal_timebase_tim.o(.bss.htim4)
    huart1                                   0x20000300   Data          72  usart.o(.bss.huart1)
    huart2                                   0x20000348   Data          72  usart.o(.bss.huart2)
    mp3_handle                               0x20000390   Data           4  sys_app.o(.bss.mp3_handle)
    ntag_rxdata                              0x20000394   Data          16  rc522.o(.bss.ntag_rxdata)
    ntag_txdata                              0x200003a4   Data          16  rc522.o(.bss.ntag_txdata)
    pxCurrentTCB                             0x200003b4   Data           4  tasks.o(.bss.pxCurrentTCB)
    uwTick                                   0x20001058   Data           4  stm32f1xx_hal.o(.bss.uwTick)
    volume_handle                            0x20001074   Data           4  sys_app.o(.bss.volume_handle)



==============================================================================

Memory Map of the image

  Image Entry point : 0x080000ed

  Load Region LR_IROM1 (Base: 0x08000000, Size: 0x00006360, Max: 0x00010000, ABSOLUTE)

    Execution Region ER_IROM1 (Exec base: 0x08000000, Load base: 0x08000000, Size: 0x000062b8, Max: 0x00010000, ABSOLUTE)

    Exec Addr    Load Addr    Size         Type   Attr      Idx    E Section Name        Object

    0x08000000   0x08000000   0x000000ec   Data   RO            3    RESET               startup_stm32f103xb.o
    0x080000ec   0x080000ec   0x00000008   Code   RO         1878  * !!!main             c_w.l(__main.o)
    0x080000f4   0x080000f4   0x0000005c   Code   RO         2047    !!!scatter          c_w.l(__scatter.o)
    0x08000150   0x08000150   0x0000001a   Code   RO         2051    !!handler_copy      c_w.l(__scatter_copy.o)
    0x0800016a   0x0800016a   0x00000002   PAD
    0x0800016c   0x0800016c   0x00000002   Code   RO         2048    !!handler_null      c_w.l(__scatter.o)
    0x0800016e   0x0800016e   0x00000002   PAD
    0x08000170   0x08000170   0x0000001c   Code   RO         2053    !!handler_zi        c_w.l(__scatter_zi.o)
    0x0800018c   0x0800018c   0x00000002   Code   RO         1909    .ARM.Collect$$libinit$$00000000  c_w.l(libinit.o)
    0x0800018e   0x0800018e   0x00000000   Code   RO         1916    .ARM.Collect$$libinit$$00000002  c_w.l(libinit2.o)
    0x0800018e   0x0800018e   0x00000000   Code   RO         1918    .ARM.Collect$$libinit$$00000004  c_w.l(libinit2.o)
    0x0800018e   0x0800018e   0x00000000   Code   RO         1920    .ARM.Collect$$libinit$$00000006  c_w.l(libinit2.o)
    0x0800018e   0x0800018e   0x00000000   Code   RO         1923    .ARM.Collect$$libinit$$0000000C  c_w.l(libinit2.o)
    0x0800018e   0x0800018e   0x00000000   Code   RO         1925    .ARM.Collect$$libinit$$0000000E  c_w.l(libinit2.o)
    0x0800018e   0x0800018e   0x00000000   Code   RO         1927    .ARM.Collect$$libinit$$00000010  c_w.l(libinit2.o)
    0x0800018e   0x0800018e   0x00000000   Code   RO         1930    .ARM.Collect$$libinit$$00000013  c_w.l(libinit2.o)
    0x0800018e   0x0800018e   0x00000000   Code   RO         1932    .ARM.Collect$$libinit$$00000015  c_w.l(libinit2.o)
    0x0800018e   0x0800018e   0x00000000   Code   RO         1934    .ARM.Collect$$libinit$$00000017  c_w.l(libinit2.o)
    0x0800018e   0x0800018e   0x00000000   Code   RO         1936    .ARM.Collect$$libinit$$00000019  c_w.l(libinit2.o)
    0x0800018e   0x0800018e   0x00000000   Code   RO         1938    .ARM.Collect$$libinit$$0000001B  c_w.l(libinit2.o)
    0x0800018e   0x0800018e   0x00000000   Code   RO         1940    .ARM.Collect$$libinit$$0000001D  c_w.l(libinit2.o)
    0x0800018e   0x0800018e   0x00000000   Code   RO         1942    .ARM.Collect$$libinit$$0000001F  c_w.l(libinit2.o)
    0x0800018e   0x0800018e   0x00000000   Code   RO         1944    .ARM.Collect$$libinit$$00000021  c_w.l(libinit2.o)
    0x0800018e   0x0800018e   0x00000000   Code   RO         1946    .ARM.Collect$$libinit$$00000023  c_w.l(libinit2.o)
    0x0800018e   0x0800018e   0x00000000   Code   RO         1948    .ARM.Collect$$libinit$$00000025  c_w.l(libinit2.o)
    0x0800018e   0x0800018e   0x00000000   Code   RO         1950    .ARM.Collect$$libinit$$00000027  c_w.l(libinit2.o)
    0x0800018e   0x0800018e   0x00000000   Code   RO         1954    .ARM.Collect$$libinit$$0000002E  c_w.l(libinit2.o)
    0x0800018e   0x0800018e   0x00000000   Code   RO         1956    .ARM.Collect$$libinit$$00000030  c_w.l(libinit2.o)
    0x0800018e   0x0800018e   0x00000000   Code   RO         1958    .ARM.Collect$$libinit$$00000032  c_w.l(libinit2.o)
    0x0800018e   0x0800018e   0x00000000   Code   RO         1960    .ARM.Collect$$libinit$$00000034  c_w.l(libinit2.o)
    0x0800018e   0x0800018e   0x00000002   Code   RO         1961    .ARM.Collect$$libinit$$00000035  c_w.l(libinit2.o)
    0x08000190   0x08000190   0x00000002   Code   RO         1983    .ARM.Collect$$libshutdown$$00000000  c_w.l(libshutdown.o)
    0x08000192   0x08000192   0x00000000   Code   RO         1998    .ARM.Collect$$libshutdown$$00000002  c_w.l(libshutdown2.o)
    0x08000192   0x08000192   0x00000000   Code   RO         2000    .ARM.Collect$$libshutdown$$00000004  c_w.l(libshutdown2.o)
    0x08000192   0x08000192   0x00000000   Code   RO         2003    .ARM.Collect$$libshutdown$$00000007  c_w.l(libshutdown2.o)
    0x08000192   0x08000192   0x00000000   Code   RO         2006    .ARM.Collect$$libshutdown$$0000000A  c_w.l(libshutdown2.o)
    0x08000192   0x08000192   0x00000000   Code   RO         2008    .ARM.Collect$$libshutdown$$0000000C  c_w.l(libshutdown2.o)
    0x08000192   0x08000192   0x00000000   Code   RO         2011    .ARM.Collect$$libshutdown$$0000000F  c_w.l(libshutdown2.o)
    0x08000192   0x08000192   0x00000002   Code   RO         2012    .ARM.Collect$$libshutdown$$00000010  c_w.l(libshutdown2.o)
    0x08000194   0x08000194   0x00000000   Code   RO         1880    .ARM.Collect$$rtentry$$00000000  c_w.l(__rtentry.o)
    0x08000194   0x08000194   0x00000000   Code   RO         1886    .ARM.Collect$$rtentry$$00000002  c_w.l(__rtentry2.o)
    0x08000194   0x08000194   0x00000006   Code   RO         1898    .ARM.Collect$$rtentry$$00000004  c_w.l(__rtentry4.o)
    0x0800019a   0x0800019a   0x00000000   Code   RO         1888    .ARM.Collect$$rtentry$$00000009  c_w.l(__rtentry2.o)
    0x0800019a   0x0800019a   0x00000004   Code   RO         1889    .ARM.Collect$$rtentry$$0000000A  c_w.l(__rtentry2.o)
    0x0800019e   0x0800019e   0x00000000   Code   RO         1891    .ARM.Collect$$rtentry$$0000000C  c_w.l(__rtentry2.o)
    0x0800019e   0x0800019e   0x00000008   Code   RO         1892    .ARM.Collect$$rtentry$$0000000D  c_w.l(__rtentry2.o)
    0x080001a6   0x080001a6   0x00000002   Code   RO         1913    .ARM.Collect$$rtexit$$00000000  c_w.l(rtexit.o)
    0x080001a8   0x080001a8   0x00000000   Code   RO         1963    .ARM.Collect$$rtexit$$00000002  c_w.l(rtexit2.o)
    0x080001a8   0x080001a8   0x00000004   Code   RO         1964    .ARM.Collect$$rtexit$$00000003  c_w.l(rtexit2.o)
    0x080001ac   0x080001ac   0x00000006   Code   RO         1965    .ARM.Collect$$rtexit$$00000004  c_w.l(rtexit2.o)
    0x080001b2   0x080001b2   0x00000002   PAD
    0x080001b4   0x080001b4   0x00000040   Code   RO            4    .text               startup_stm32f103xb.o
    0x080001f4   0x080001f4   0x0000004e   Code   RO         1874    .text               c_w.l(rt_memclr_w.o)
    0x08000242   0x08000242   0x00000006   Code   RO         1876    .text               c_w.l(heapauxi.o)
    0x08000248   0x08000248   0x0000004a   Code   RO         1900    .text               c_w.l(sys_stackheap_outer.o)
    0x08000292   0x08000292   0x00000012   Code   RO         1902    .text               c_w.l(exit.o)
    0x080002a4   0x080002a4   0x00000008   Code   RO         1910    .text               c_w.l(libspace.o)
    0x080002ac   0x080002ac   0x0000000c   Code   RO         1973    .text               c_w.l(sys_exit.o)
    0x080002b8   0x080002b8   0x00000002   Code   RO         1988    .text               c_w.l(use_no_semi.o)
    0x080002ba   0x080002ba   0x00000000   Code   RO         1990    .text               c_w.l(indicate_semi.o)
    0x080002ba   0x080002ba   0x00000002   PAD
    0x080002bc   0x080002bc   0x00000082   Code   RO          182    .text.ADC_ConversionStop_Disable  stm32f1xx_hal_adc.o
    0x0800033e   0x0800033e   0x00000002   PAD
    0x08000340   0x08000340   0x00000004   Code   RO          116    .text.BusFault_Handler  stm32f1xx_it.o
    0x08000344   0x08000344   0x000000be   Code   RO         1828    .text.CalulateCRC   rc522.o
    0x08000402   0x08000402   0x00000002   PAD
    0x08000404   0x08000404   0x00000034   Code   RO         1814    .text.ClearBitMask  rc522.o
    0x08000438   0x08000438   0x00000074   Code   RO         1797    .text.DFplayerCallback  dfplayer.o
    0x080004ac   0x080004ac   0x0000002a   Code   RO         1777    .text.DFplayerInit  dfplayer.o
    0x080004d6   0x080004d6   0x00000002   PAD
    0x080004d8   0x080004d8   0x00000010   Code   RO          122    .text.DMA1_Channel4_IRQHandler  stm32f1xx_it.o
    0x080004e8   0x080004e8   0x00000010   Code   RO          124    .text.DMA1_Channel5_IRQHandler  stm32f1xx_it.o
    0x080004f8   0x080004f8   0x00000010   Code   RO          126    .text.DMA1_Channel6_IRQHandler  stm32f1xx_it.o
    0x08000508   0x08000508   0x00000010   Code   RO          128    .text.DMA1_Channel7_IRQHandler  stm32f1xx_it.o
    0x08000518   0x08000518   0x00000050   Code   RO          415    .text.DMA_SetConfig  stm32f1xx_hal_dma.o
    0x08000568   0x08000568   0x00000002   Code   RO          120    .text.DebugMon_Handler  stm32f1xx_it.o
    0x0800056a   0x0800056a   0x00000002   PAD
    0x0800056c   0x0800056c   0x0000002a   Code   RO         1763    .text.DebugMonitorInit  debugmonitor.o
    0x08000596   0x08000596   0x00000002   PAD
    0x08000598   0x08000598   0x0000000e   Code   RO           15    .text.Error_Handler  main.o
    0x080005a6   0x080005a6   0x00000002   PAD
    0x080005a8   0x080005a8   0x000001b4   Code   RO          224    .text.HAL_ADC_ConfigChannel  stm32f1xx_hal_adc.o
    0x0800075c   0x0800075c   0x00000212   Code   RO          178    .text.HAL_ADC_Init  stm32f1xx_hal_adc.o
    0x0800096e   0x0800096e   0x00000002   PAD
    0x08000970   0x08000970   0x0000007a   Code   RO           55    .text.HAL_ADC_MspInit  adc.o
    0x080009ea   0x080009ea   0x00000002   PAD
    0x080009ec   0x080009ec   0x0000007c   Code   RO          419    .text.HAL_DMA_Abort  stm32f1xx_hal_dma.o
    0x08000a68   0x08000a68   0x0000011c   Code   RO          421    .text.HAL_DMA_Abort_IT  stm32f1xx_hal_dma.o
    0x08000b84   0x08000b84   0x00000286   Code   RO          425    .text.HAL_DMA_IRQHandler  stm32f1xx_hal_dma.o
    0x08000e0a   0x08000e0a   0x00000002   PAD
    0x08000e0c   0x08000e0c   0x000000ae   Code   RO          409    .text.HAL_DMA_Init  stm32f1xx_hal_dma.o
    0x08000eba   0x08000eba   0x00000002   PAD
    0x08000ebc   0x08000ebc   0x000000ca   Code   RO          417    .text.HAL_DMA_Start_IT  stm32f1xx_hal_dma.o
    0x08000f86   0x08000f86   0x00000002   PAD
    0x08000f88   0x08000f88   0x0000031e   Code   RO          386    .text.HAL_GPIO_Init  stm32f1xx_hal_gpio.o
    0x080012a6   0x080012a6   0x00000002   PAD
    0x080012a8   0x080012a8   0x0000002e   Code   RO          390    .text.HAL_GPIO_ReadPin  stm32f1xx_hal_gpio.o
    0x080012d6   0x080012d6   0x00000002   PAD
    0x080012d8   0x080012d8   0x0000002e   Code   RO          392    .text.HAL_GPIO_WritePin  stm32f1xx_hal_gpio.o
    0x08001306   0x08001306   0x00000002   PAD
    0x08001308   0x08001308   0x0000000c   Code   RO          284    .text.HAL_GetTick   stm32f1xx_hal.o
    0x08001314   0x08001314   0x0000001a   Code   RO          282    .text.HAL_IncTick   stm32f1xx_hal.o
    0x0800132e   0x0800132e   0x00000002   PAD
    0x08001330   0x08001330   0x00000026   Code   RO          272    .text.HAL_Init      stm32f1xx_hal.o
    0x08001356   0x08001356   0x00000002   PAD
    0x08001358   0x08001358   0x000000f0   Code   RO          151    .text.HAL_InitTick  stm32f1xx_hal_timebase_tim.o
    0x08001448   0x08001448   0x00000072   Code   RO          143    .text.HAL_MspInit   stm32f1xx_hal_msp.o
    0x080014ba   0x080014ba   0x00000002   PAD
    0x080014bc   0x080014bc   0x00000014   Code   RO          454    .text.HAL_NVIC_EnableIRQ  stm32f1xx_hal_cortex.o
    0x080014d0   0x080014d0   0x00000032   Code   RO          446    .text.HAL_NVIC_SetPriority  stm32f1xx_hal_cortex.o
    0x08001502   0x08001502   0x00000002   PAD
    0x08001504   0x08001504   0x00000010   Code   RO          442    .text.HAL_NVIC_SetPriorityGrouping  stm32f1xx_hal_cortex.o
    0x08001514   0x08001514   0x000001c8   Code   RO          371    .text.HAL_RCCEx_PeriphCLKConfig  stm32f1xx_hal_rcc_ex.o
    0x080016dc   0x080016dc   0x00000256   Code   RO          338    .text.HAL_RCC_ClockConfig  stm32f1xx_hal_rcc.o
    0x08001932   0x08001932   0x00000002   PAD
    0x08001934   0x08001934   0x00000054   Code   RO          356    .text.HAL_RCC_GetClockConfig  stm32f1xx_hal_rcc.o
    0x08001988   0x08001988   0x0000000c   Code   RO          348    .text.HAL_RCC_GetHCLKFreq  stm32f1xx_hal_rcc.o
    0x08001994   0x08001994   0x00000022   Code   RO          350    .text.HAL_RCC_GetPCLK1Freq  stm32f1xx_hal_rcc.o
    0x080019b6   0x080019b6   0x00000002   PAD
    0x080019b8   0x080019b8   0x00000022   Code   RO          352    .text.HAL_RCC_GetPCLK2Freq  stm32f1xx_hal_rcc.o
    0x080019da   0x080019da   0x00000002   PAD
    0x080019dc   0x080019dc   0x000000bc   Code   RO          340    .text.HAL_RCC_GetSysClockFreq  stm32f1xx_hal_rcc.o
    0x08001a98   0x08001a98   0x0000067a   Code   RO          334    .text.HAL_RCC_OscConfig  stm32f1xx_hal_rcc.o
    0x08002112   0x08002112   0x00000002   PAD
    0x08002114   0x08002114   0x000000f8   Code   RO          650    .text.HAL_SPI_Init  stm32f1xx_hal_spi.o
    0x0800220c   0x0800220c   0x00000094   Code   RO           77    .text.HAL_SPI_MspInit  spi.o
    0x080022a0   0x080022a0   0x00000008   Code   RO         1090    .text.HAL_TIMEx_BreakCallback  stm32f1xx_hal_tim_ex.o
    0x080022a8   0x080022a8   0x00000008   Code   RO         1086    .text.HAL_TIMEx_CommutCallback  stm32f1xx_hal_tim_ex.o
    0x080022b0   0x080022b0   0x0000009c   Code   RO          767    .text.HAL_TIM_Base_Init  stm32f1xx_hal_tim.o
    0x0800234c   0x0800234c   0x00000008   Code   RO          769    .text.HAL_TIM_Base_MspInit  stm32f1xx_hal_tim.o
    0x08002354   0x08002354   0x000000b0   Code   RO          781    .text.HAL_TIM_Base_Start_IT  stm32f1xx_hal_tim.o
    0x08002404   0x08002404   0x00000008   Code   RO          903    .text.HAL_TIM_IC_CaptureCallback  stm32f1xx_hal_tim.o
    0x0800240c   0x0800240c   0x0000027a   Code   RO          901    .text.HAL_TIM_IRQHandler  stm32f1xx_hal_tim.o
    0x08002686   0x08002686   0x00000002   PAD
    0x08002688   0x08002688   0x00000008   Code   RO          905    .text.HAL_TIM_OC_DelayElapsedCallback  stm32f1xx_hal_tim.o
    0x08002690   0x08002690   0x00000008   Code   RO          907    .text.HAL_TIM_PWM_PulseFinishedCallback  stm32f1xx_hal_tim.o
    0x08002698   0x08002698   0x00000022   Code   RO           17    .text.HAL_TIM_PeriodElapsedCallback  main.o
    0x080026ba   0x080026ba   0x00000002   PAD
    0x080026bc   0x080026bc   0x00000008   Code   RO          911    .text.HAL_TIM_TriggerCallback  stm32f1xx_hal_tim.o
    0x080026c4   0x080026c4   0x0000000c   Code   RO         1195    .text.HAL_UARTEx_RxEventCallback  stm32f1xx_hal_uart.o
    0x080026d0   0x080026d0   0x000000cc   Code   RO         1147    .text.HAL_UART_DMAStop  stm32f1xx_hal_uart.o
    0x0800279c   0x0800279c   0x00000008   Code   RO         1193    .text.HAL_UART_ErrorCallback  stm32f1xx_hal_uart.o
    0x080027a4   0x080027a4   0x0000042a   Code   RO         1187    .text.HAL_UART_IRQHandler  stm32f1xx_hal_uart.o
    0x08002bce   0x08002bce   0x00000002   PAD
    0x08002bd0   0x08002bd0   0x0000009e   Code   RO         1103    .text.HAL_UART_Init  stm32f1xx_hal_uart.o
    0x08002c6e   0x08002c6e   0x00000002   PAD
    0x08002c70   0x08002c70   0x00000262   Code   RO           93    .text.HAL_UART_MspInit  usart.o
    0x08002ed2   0x08002ed2   0x00000002   PAD
    0x08002ed4   0x08002ed4   0x00000056   Code   RO         1139    .text.HAL_UART_Receive_DMA  stm32f1xx_hal_uart.o
    0x08002f2a   0x08002f2a   0x00000002   PAD
    0x08002f2c   0x08002f2c   0x00000056   Code   RO         1127    .text.HAL_UART_Receive_IT  stm32f1xx_hal_uart.o
    0x08002f82   0x08002f82   0x00000002   PAD
    0x08002f84   0x08002f84   0x00000008   Code   RO         1205    .text.HAL_UART_RxCpltCallback  stm32f1xx_hal_uart.o
    0x08002f8c   0x08002f8c   0x00000008   Code   RO         1207    .text.HAL_UART_RxHalfCpltCallback  stm32f1xx_hal_uart.o
    0x08002f94   0x08002f94   0x00000008   Code   RO         1201    .text.HAL_UART_TxCpltCallback  stm32f1xx_hal_uart.o
    0x08002f9c   0x08002f9c   0x00000004   Code   RO          112    .text.HardFault_Handler  stm32f1xx_it.o
    0x08002fa0   0x08002fa0   0x00000076   Code   RO         1846    .text.M500PcdConfigISOType  rc522.o
    0x08003016   0x08003016   0x00000002   PAD
    0x08003018   0x08003018   0x00000068   Code   RO           53    .text.MX_ADC1_Init  adc.o
    0x08003080   0x08003080   0x00000072   Code   RO           67    .text.MX_DMA_Init   dma.o
    0x080030f2   0x080030f2   0x00000002   PAD
    0x080030f4   0x080030f4   0x00000046   Code   RO           37    .text.MX_FREERTOS_Init  freertos.o
    0x0800313a   0x0800313a   0x00000002   PAD
    0x0800313c   0x0800313c   0x0000011e   Code   RO           27    .text.MX_GPIO_Init  gpio.o
    0x0800325a   0x0800325a   0x00000002   PAD
    0x0800325c   0x0800325c   0x0000004e   Code   RO           75    .text.MX_SPI1_Init  spi.o
    0x080032aa   0x080032aa   0x00000002   PAD
    0x080032ac   0x080032ac   0x00000040   Code   RO           89    .text.MX_USART1_UART_Init  usart.o
    0x080032ec   0x080032ec   0x00000040   Code   RO           91    .text.MX_USART2_UART_Init  usart.o
    0x0800332c   0x0800332c   0x00000004   Code   RO          114    .text.MemManage_Handler  stm32f1xx_it.o
    0x08003330   0x08003330   0x00000004   Code   RO          110    .text.NMI_Handler   stm32f1xx_it.o
    0x08003334   0x08003334   0x0000006c   Code   RO          452    .text.NVIC_EncodePriority  stm32f1xx_hal_cortex.o
    0x080033a0   0x080033a0   0x000000ce   Code   RO         1856    .text.NtagDetect    rc522.o
    0x0800346e   0x0800346e   0x00000002   PAD
    0x08003470   0x08003470   0x0000000c   Code   RO         1850    .text.PcdAntennaOff  rc522.o
    0x0800347c   0x0800347c   0x00000026   Code   RO         1848    .text.PcdAntennaOn  rc522.o
    0x080034a2   0x080034a2   0x00000002   PAD
    0x080034a4   0x080034a4   0x000000be   Code   RO         1822    .text.PcdAnticoll   rc522.o
    0x08003562   0x08003562   0x00000002   PAD
    0x08003564   0x08003564   0x000000be   Code   RO         1824    .text.PcdAnticoll2  rc522.o
    0x08003622   0x08003622   0x00000002   PAD
    0x08003624   0x08003624   0x0000020e   Code   RO         1820    .text.PcdComMF522   rc522.o
    0x08003832   0x08003832   0x00000002   PAD
    0x08003834   0x08003834   0x0000008c   Code   RO         1836    .text.PcdRead       rc522.o
    0x080038c0   0x080038c0   0x00000074   Code   RO         1812    .text.PcdRequest    rc522.o
    0x08003934   0x08003934   0x00000090   Code   RO         1842    .text.PcdReset      rc522.o
    0x080039c4   0x080039c4   0x000000ac   Code   RO         1826    .text.PcdSelect     rc522.o
    0x08003a70   0x08003a70   0x000000ac   Code   RO         1830    .text.PcdSelect2    rc522.o
    0x08003b1c   0x08003b1c   0x000000f0   Code   RO         1838    .text.PcdWrite      rc522.o
    0x08003c0c   0x08003c0c   0x00000004   PAD
    0x08003c10   0x08003c10   0x00000044   Code   RO         1709    .text.PendSV_Handler  port.o
    0x08003c54   0x08003c54   0x0000003a   Code   RO          336    .text.RCC_Delay     stm32f1xx_hal_rcc.o
    0x08003c8e   0x08003c8e   0x00000002   PAD
    0x08003c90   0x08003c90   0x00000016   Code   RO         1854    .text.RFID_Init     rc522.o
    0x08003ca6   0x08003ca6   0x00000002   PAD
    0x08003ca8   0x08003ca8   0x00000140   Code   RO         1834    .text.ReadRawRC     rc522.o
    0x08003de8   0x08003de8   0x00000008   PAD
    0x08003df0   0x08003df0   0x00000024   Code   RO         1695    .text.SVC_Handler   port.o
    0x08003e14   0x08003e14   0x00000034   Code   RO         1818    .text.SetBitMask    rc522.o
    0x08003e48   0x08003e48   0x00000022   Code   RO           39    .text.StartDefaultTask  freertos.o
    0x08003e6a   0x08003e6a   0x00000002   PAD
    0x08003e6c   0x08003e6c   0x0000000c   Code   RO         1748    .text.SysInit       sys_init.o
    0x08003e78   0x08003e78   0x0000003c   Code   RO         1711    .text.SysTick_Handler  port.o
    0x08003eb4   0x08003eb4   0x00000090   Code   RO           13    .text.SystemClock_Config  main.o
    0x08003f44   0x08003f44   0x00000002   Code   RO         1234    .text.SystemInit    system_stm32f1xx.o
    0x08003f46   0x08003f46   0x00000002   PAD
    0x08003f48   0x08003f48   0x00000010   Code   RO          130    .text.TIM4_IRQHandler  stm32f1xx_it.o
    0x08003f58   0x08003f58   0x000000f0   Code   RO          771    .text.TIM_Base_SetConfig  stm32f1xx_hal_tim.o
    0x08004048   0x08004048   0x00000020   Code   RO         1191    .text.UART_DMAAbortOnError  stm32f1xx_hal_uart.o
    0x08004068   0x08004068   0x0000007c   Code   RO         1137    .text.UART_DMAError  stm32f1xx_hal_uart.o
    0x080040e4   0x080040e4   0x000000f4   Code   RO         1223    .text.UART_DMAReceiveCplt  stm32f1xx_hal_uart.o
    0x080041d8   0x080041d8   0x00000034   Code   RO         1225    .text.UART_DMARxHalfCplt  stm32f1xx_hal_uart.o
    0x0800420c   0x0800420c   0x00000094   Code   RO         1151    .text.UART_EndRxTransfer  stm32f1xx_hal_uart.o
    0x080042a0   0x080042a0   0x00000026   Code   RO         1199    .text.UART_EndTransmit_IT  stm32f1xx_hal_uart.o
    0x080042c6   0x080042c6   0x00000002   PAD
    0x080042c8   0x080042c8   0x00000036   Code   RO         1149    .text.UART_EndTxTransfer  stm32f1xx_hal_uart.o
    0x080042fe   0x080042fe   0x00000002   PAD
    0x08004300   0x08004300   0x0000016a   Code   RO         1189    .text.UART_Receive_IT  stm32f1xx_hal_uart.o
    0x0800446a   0x0800446a   0x00000002   PAD
    0x0800446c   0x0800446c   0x000000ba   Code   RO         1107    .text.UART_SetConfig  stm32f1xx_hal_uart.o
    0x08004526   0x08004526   0x00000002   PAD
    0x08004528   0x08004528   0x0000010c   Code   RO         1141    .text.UART_Start_Receive_DMA  stm32f1xx_hal_uart.o
    0x08004634   0x08004634   0x00000062   Code   RO         1129    .text.UART_Start_Receive_IT  stm32f1xx_hal_uart.o
    0x08004696   0x08004696   0x00000002   PAD
    0x08004698   0x08004698   0x00000094   Code   RO         1197    .text.UART_Transmit_IT  stm32f1xx_hal_uart.o
    0x0800472c   0x0800472c   0x00000010   Code   RO          132    .text.USART1_IRQHandler  stm32f1xx_it.o
    0x0800473c   0x0800473c   0x00000014   Code   RO          134    .text.USART2_IRQHandler  stm32f1xx_it.o
    0x08004750   0x08004750   0x00000004   Code   RO          118    .text.UsageFault_Handler  stm32f1xx_it.o
    0x08004754   0x08004754   0x0000015e   Code   RO         1816    .text.WriteRawRC    rc522.o
    0x080048b2   0x080048b2   0x00000002   PAD
    0x080048b4   0x080048b4   0x00000022   Code   RO         1729    .text._Z14TaskNtagDetectPv  sys_app.o
    0x080048d6   0x080048d6   0x00000002   PAD
    0x080048d8   0x080048d8   0x0000001a   Code   RO         1731    .text._Z14TaskVolumeCtrlPv  sys_app.o
    0x080048f2   0x080048f2   0x00000002   PAD
    0x080048f4   0x080048f4   0x000000aa   Code   RO         1725    .text._Z7AppInitv   sys_app.o
    0x0800499e   0x0800499e   0x00000002   PAD
    0x080049a0   0x080049a0   0x0000001a   Code   RO         1733    .text._Z7TaskMp3Pv  sys_app.o
    0x080049ba   0x080049ba   0x00000002   PAD
    0x080049bc   0x080049bc   0x0000001a   Code   RO         1727    .text._Z9TaskDebugPv  sys_app.o
    0x080049d6   0x080049d6   0x00000002   PAD
    0x080049d8   0x080049d8   0x00000010   Code   RO         1750    .text._ZL10DeviceInitv  sys_init.o
    0x080049e8   0x080049e8   0x00000008   Code   RO         1752    .text._ZL8TaskInitv  sys_init.o
    0x080049f0   0x080049f0   0x00000030   Code   RO          456    .text.__NVIC_EnableIRQ  stm32f1xx_hal_cortex.o
    0x08004a20   0x08004a20   0x00000010   Code   RO          448    .text.__NVIC_GetPriorityGrouping  stm32f1xx_hal_cortex.o
    0x08004a30   0x08004a30   0x00000042   Code   RO          450    .text.__NVIC_SetPriority  stm32f1xx_hal_cortex.o
    0x08004a72   0x08004a72   0x00000002   PAD
    0x08004a74   0x08004a74   0x0000003c   Code   RO          444    .text.__NVIC_SetPriorityGrouping  stm32f1xx_hal_cortex.o
    0x08004ab0   0x08004ab0   0x0000003e   Code   RO         1844    .text.delay_10ms    rc522.o
    0x08004aee   0x08004aee   0x00000002   PAD
    0x08004af0   0x08004af0   0x00000034   Code   RO           11    .text.main          main.o
    0x08004b24   0x08004b24   0x00000028   Code   RO         1554    .text.makeFreeRtosPriority  cmsis_os.o
    0x08004b4c   0x08004b4c   0x00000028   Code   RO         1568    .text.osDelay       cmsis_os.o
    0x08004b74   0x08004b74   0x0000000a   Code   RO         1544    .text.osKernelStart  cmsis_os.o
    0x08004b7e   0x08004b7e   0x00000002   PAD
    0x08004b80   0x08004b80   0x000000ac   Code   RO         1552    .text.osThreadCreate  cmsis_os.o
    0x08004c2c   0x08004c2c   0x00000012   Code   RO         1558    .text.osThreadTerminate  cmsis_os.o
    0x08004c3e   0x08004c3e   0x00000002   PAD
    0x08004c40   0x08004c40   0x000000f4   Code   RO         1430    .text.prvAddCurrentTaskToDelayedList  tasks.o
    0x08004d34   0x08004d34   0x00000110   Code   RO         1416    .text.prvAddNewTaskToReadyList  tasks.o
    0x08004e44   0x08004e44   0x0000005a   Code   RO         1512    .text.prvCheckTasksWaitingTermination  tasks.o
    0x08004e9e   0x08004e9e   0x00000002   PAD
    0x08004ea0   0x08004ea0   0x0000005e   Code   RO         1422    .text.prvDeleteTCB  tasks.o
    0x08004efe   0x08004efe   0x00000002   PAD
    0x08004f00   0x08004f00   0x000000bc   Code   RO         1666    .text.prvHeapInit   heap_4.o
    0x08004fbc   0x08004fbc   0x00000038   Code   RO         1454    .text.prvIdleTask   tasks.o
    0x08004ff4   0x08004ff4   0x00000102   Code   RO         1414    .text.prvInitialiseNewTask  tasks.o
    0x080050f6   0x080050f6   0x00000002   PAD
    0x080050f8   0x080050f8   0x0000008e   Code   RO         1510    .text.prvInitialiseTaskLists  tasks.o
    0x08005186   0x08005186   0x00000002   PAD
    0x08005188   0x08005188   0x000000c6   Code   RO         1668    .text.prvInsertBlockIntoFreeList  heap_4.o
    0x0800524e   0x0800524e   0x00000002   PAD
    0x08005250   0x08005250   0x00000020   Code   RO         1701    .text.prvPortStartFirstTask  port.o
    0x08005270   0x08005270   0x00000046   Code   RO         1424    .text.prvResetNextTaskUnblockTime  tasks.o
    0x080052b6   0x080052b6   0x00000002   PAD
    0x080052b8   0x080052b8   0x0000004c   Code   RO         1693    .text.prvTaskExitError  port.o
    0x08005304   0x08005304   0x000001de   Code   RO         1664    .text.pvPortMalloc  heap_4.o
    0x080054e2   0x080054e2   0x00000002   PAD
    0x080054e4   0x080054e4   0x00000050   Code   RO         1691    .text.pxPortInitialiseStack  port.o
    0x08005534   0x08005534   0x00000048   Code   RO         1286    .text.uxListRemove  list.o
    0x0800557c   0x0800557c   0x0000002a   Code   RO           35    .text.vApplicationGetIdleTaskMemory  freertos.o
    0x080055a6   0x080055a6   0x00000002   PAD
    0x080055a8   0x080055a8   0x0000002e   Code   RO         1278    .text.vListInitialise  list.o
    0x080055d6   0x080055d6   0x00000002   PAD
    0x080055d8   0x080055d8   0x0000000e   Code   RO         1280    .text.vListInitialiseItem  list.o
    0x080055e6   0x080055e6   0x00000002   PAD
    0x080055e8   0x080055e8   0x0000006a   Code   RO         1284    .text.vListInsert   list.o
    0x08005652   0x08005652   0x00000002   PAD
    0x08005654   0x08005654   0x0000003a   Code   RO         1282    .text.vListInsertEnd  list.o
    0x0800568e   0x0800568e   0x00000002   PAD
    0x08005690   0x08005690   0x00000056   Code   RO         1705    .text.vPortEnterCritical  port.o
    0x080056e6   0x080056e6   0x00000002   PAD
    0x080056e8   0x080056e8   0x0000004a   Code   RO         1707    .text.vPortExitCritical  port.o
    0x08005732   0x08005732   0x00000002   PAD
    0x08005734   0x08005734   0x000000c0   Code   RO         1670    .text.vPortFree     heap_4.o
    0x080057f4   0x080057f4   0x00000044   Code   RO         1699    .text.vPortSetupTimerInterrupt  port.o
    0x08005838   0x08005838   0x0000006e   Code   RO         1434    .text.vTaskDelay    tasks.o
    0x080058a6   0x080058a6   0x00000002   PAD
    0x080058a8   0x080058a8   0x00000114   Code   RO         1426    .text.vTaskDelayUntil  tasks.o
    0x080059bc   0x080059bc   0x00000140   Code   RO         1420    .text.vTaskDelete   tasks.o
    0x08005afc   0x08005afc   0x000000ce   Code   RO         1452    .text.vTaskStartScheduler  tasks.o
    0x08005bca   0x08005bca   0x00000002   PAD
    0x08005bcc   0x08005bcc   0x00000010   Code   RO         1428    .text.vTaskSuspendAll  tasks.o
    0x08005bdc   0x08005bdc   0x000000be   Code   RO         1444    .text.vTaskSwitchContext  tasks.o
    0x08005c9a   0x08005c9a   0x00000002   PAD
    0x08005c9c   0x08005c9c   0x000000e6   Code   RO         1697    .text.xPortStartScheduler  port.o
    0x08005d82   0x08005d82   0x00000002   PAD
    0x08005d84   0x08005d84   0x0000009e   Code   RO         1418    .text.xTaskCreate   tasks.o
    0x08005e22   0x08005e22   0x00000002   PAD
    0x08005e24   0x08005e24   0x000000cc   Code   RO         1412    .text.xTaskCreateStatic  tasks.o
    0x08005ef0   0x08005ef0   0x00000014   Code   RO         1460    .text.xTaskGetTickCount  tasks.o
    0x08005f04   0x08005f04   0x000001b8   Code   RO         1458    .text.xTaskIncrementTick  tasks.o
    0x080060bc   0x080060bc   0x00000178   Code   RO         1432    .text.xTaskResumeAll  tasks.o
    0x08006234   0x08006234   0x0000001c   Data   RO           44    .rodata..L__const.MX_FREERTOS_Init.os_thread_def_defaultTask  freertos.o
    0x08006250   0x08006250   0x00000010   Data   RO         1239    .rodata.AHBPrescTable  system_stm32f1xx.o
    0x08006260   0x08006260   0x00000008   Data   RO         1240    .rodata.APBPrescTable  system_stm32f1xx.o
    0x08006268   0x08006268   0x00000010   Data   RO          362    .rodata.HAL_RCC_GetSysClockFreq.aPLLMULFactorTable  stm32f1xx_hal_rcc.o
    0x08006278   0x08006278   0x00000002   Data   RO          363    .rodata.HAL_RCC_GetSysClockFreq.aPredivFactorTable  stm32f1xx_hal_rcc.o
    0x0800627a   0x0800627a   0x0000000c   Data   RO           43    .rodata.str1.1      freertos.o
    0x08006286   0x08006286   0x00000005   Data   RO         1526    .rodata.str1.1      tasks.o
    0x0800628b   0x0800628b   0x0000000a   Data   RO         1739    .rodata.str1.1      sys_app.o
    0x08006295   0x08006295   0x00000003   PAD
    0x08006298   0x08006298   0x00000020   Data   RO         2046    Region$$Table       anon$$obj.o


    Execution Region RW_IRAM1 (Exec base: 0x20000000, Load base: 0x080062b8, Size: 0x00001960, Max: 0x00005000, ABSOLUTE)

    Exec Addr    Load Addr    Size         Type   Attr      Idx    E Section Name        Object

    0x20000000   0x080062b8   0x00000004   Data   RW         1238    .data.SystemCoreClock  system_stm32f1xx.o
    0x20000004   0x080062bc   0x00000010   Data   RW         1801    .data.mp3           dfplayer.o
    0x20000014   0x080062cc   0x00000088   Data   RW         1769    .data.uppermonitor  debugmonitor.o
    0x2000009c   0x08006354   0x00000001   Data   RW          323    .data.uwTickFreq    stm32f1xx_hal.o
    0x2000009d   0x08006355   0x00000003   PAD
    0x200000a0   0x08006358   0x00000004   Data   RW          322    .data.uwTickPrio    stm32f1xx_hal.o
    0x200000a4   0x0800635c   0x00000004   Data   RW         1717    .data.uxCriticalNesting  port.o
    0x200000a8        -       0x00000060   Zero   RW         1911    .bss                c_w.l(libspace.o)
    0x20000108        -       0x00000004   Zero   RW         1736    .bss.CD_handle      sys_app.o
    0x2000010c        -       0x00000004   Zero   RW         1858    .bss.Temp           rc522.o
    0x20000110        -       0x00000008   Zero   RW         1859    .bss.UID            rc522.o
    0x20000118        -       0x00000004   Zero   RW         1735    .bss.debug_handle   sys_app.o
    0x2000011c        -       0x00000004   Zero   RW           45    .bss.defaultTaskHandle  freertos.o
    0x20000120        -       0x00000030   Zero   RW           59    .bss.hadc1          adc.o
    0x20000150        -       0x00000044   Zero   RW           99    .bss.hdma_usart1_rx  usart.o
    0x20000194        -       0x00000044   Zero   RW          100    .bss.hdma_usart1_tx  usart.o
    0x200001d8        -       0x00000044   Zero   RW          101    .bss.hdma_usart2_rx  usart.o
    0x2000021c        -       0x00000044   Zero   RW          102    .bss.hdma_usart2_tx  usart.o
    0x20000260        -       0x00000058   Zero   RW           81    .bss.hspi1          spi.o
    0x200002b8        -       0x00000048   Zero   RW          157    .bss.htim4          stm32f1xx_hal_timebase_tim.o
    0x20000300        -       0x00000048   Zero   RW           97    .bss.huart1         usart.o
    0x20000348        -       0x00000048   Zero   RW           98    .bss.huart2         usart.o
    0x20000390        -       0x00000004   Zero   RW         1738    .bss.mp3_handle     sys_app.o
    0x20000394        -       0x00000010   Zero   RW         1861    .bss.ntag_rxdata    rc522.o
    0x200003a4        -       0x00000010   Zero   RW         1860    .bss.ntag_txdata    rc522.o
    0x200003b4        -       0x00000004   Zero   RW         1514    .bss.pxCurrentTCB   tasks.o
    0x200003b8        -       0x00000004   Zero   RW         1531    .bss.pxDelayedTaskList  tasks.o
    0x200003bc        -       0x00000004   Zero   RW         1678    .bss.pxEnd          heap_4.o
    0x200003c0        -       0x00000004   Zero   RW         1532    .bss.pxOverflowDelayedTaskList  tasks.o
    0x200003c4        -       0x0000008c   Zero   RW         1515    .bss.pxReadyTasksLists  tasks.o
    0x20000450        -       0x00000c00   Zero   RW         1683    .bss.ucHeap         heap_4.o
    0x20001050        -       0x00000001   Zero   RW         1715    .bss.ucMaxSysCallPriority  port.o
    0x20001051   0x08006360   0x00000003   PAD
    0x20001054        -       0x00000004   Zero   RW         1716    .bss.ulMaxPRIGROUPValue  port.o
    0x20001058        -       0x00000004   Zero   RW          324    .bss.uwTick         stm32f1xx_hal.o
    0x2000105c        -       0x00000004   Zero   RW         1520    .bss.uxCurrentNumberOfTasks  tasks.o
    0x20001060        -       0x00000004   Zero   RW         1519    .bss.uxDeletedTasksWaitingCleanUp  tasks.o
    0x20001064        -       0x00000004   Zero   RW         1530    .bss.uxPendedTicks  tasks.o
    0x20001068        -       0x00000004   Zero   RW         1522    .bss.uxSchedulerSuspended  tasks.o
    0x2000106c        -       0x00000004   Zero   RW         1517    .bss.uxTaskNumber   tasks.o
    0x20001070        -       0x00000004   Zero   RW         1516    .bss.uxTopReadyPriority  tasks.o
    0x20001074        -       0x00000004   Zero   RW         1737    .bss.volume_handle  sys_app.o
    0x20001078        -       0x00000004   Zero   RW         1679    .bss.xBlockAllocatedBit  heap_4.o
    0x2000107c        -       0x00000014   Zero   RW         1534    .bss.xDelayedTaskList1  tasks.o
    0x20001090        -       0x00000014   Zero   RW         1535    .bss.xDelayedTaskList2  tasks.o
    0x200010a4        -       0x00000004   Zero   RW         1680    .bss.xFreeBytesRemaining  heap_4.o
    0x200010a8        -       0x00000200   Zero   RW           42    .bss.xIdleStack     freertos.o
    0x200012a8        -       0x00000004   Zero   RW         1527    .bss.xIdleTaskHandle  tasks.o
    0x200012ac        -       0x00000054   Zero   RW           41    .bss.xIdleTaskTCBBuffer  freertos.o
    0x20001300        -       0x00000004   Zero   RW         1682    .bss.xMinimumEverFreeBytesRemaining  heap_4.o
    0x20001304        -       0x00000004   Zero   RW         1528    .bss.xNextTaskUnblockTime  tasks.o
    0x20001308        -       0x00000004   Zero   RW         1533    .bss.xNumOfOverflows  tasks.o
    0x2000130c        -       0x00000014   Zero   RW         1525    .bss.xPendingReadyList  tasks.o
    0x20001320        -       0x00000004   Zero   RW         1521    .bss.xSchedulerRunning  tasks.o
    0x20001324        -       0x00000008   Zero   RW         1681    .bss.xStart         heap_4.o
    0x2000132c        -       0x00000014   Zero   RW         1524    .bss.xSuspendedTaskList  tasks.o
    0x20001340        -       0x00000014   Zero   RW         1518    .bss.xTasksWaitingTermination  tasks.o
    0x20001354        -       0x00000004   Zero   RW         1523    .bss.xTickCount     tasks.o
    0x20001358        -       0x00000004   Zero   RW         1529    .bss.xYieldPending  tasks.o
    0x2000135c   0x08006360   0x00000004   PAD
    0x20001360        -       0x00000200   Zero   RW            2    HEAP                startup_stm32f103xb.o
    0x20001560        -       0x00000400   Zero   RW            1    STACK               startup_stm32f103xb.o


==============================================================================

Image component sizes


      Code (inc. data)   RO Data    RW Data    ZI Data      Debug   Object Name

       226          0          0          0         48       3927   adc.o
       280          0          0          0          0      16214   cmsis_os.o
        42          0          0        136          0       3963   debugmonitor.o
       158          0          0         16          0       5153   dfplayer.o
       114          0          0          0          0       2019   dma.o
       146          0         40          0        600       2722   freertos.o
       286          0          0          0          0       1571   gpio.o
      1056          0          0          0       3096       3590   heap_4.o
       296          0          0          0          0       2228   list.o
       244          0          0          0          0       4781   main.o
       810         12          0          4          5       3633   port.o
      3312          0          0          0         44       7531   rc522.o
       226          0          0          0         88       4081   spi.o
        64         26        236          0       1536        816   startup_stm32f103xb.o
        76          0          0          5          4       5575   stm32f1xx_hal.o
      1096          0          0          0          0       9414   stm32f1xx_hal_adc.o
       384          0          0          0          0       7561   stm32f1xx_hal_cortex.o
      1510          0          0          0          0       6314   stm32f1xx_hal_dma.o
       890          0          0          0          0       4239   stm32f1xx_hal_gpio.o
       114          0          0          0          0       2317   stm32f1xx_hal_msp.o
      2666          0         18          0          0       7440   stm32f1xx_hal_rcc.o
       456          0          0          0          0       3137   stm32f1xx_hal_rcc_ex.o
       248          0          0          0          0      19298   stm32f1xx_hal_spi.o
      1246          0          0          0          0      35655   stm32f1xx_hal_tim.o
        16          0          0          0          0      15161   stm32f1xx_hal_tim_ex.o
       240          0          0          0         72       5697   stm32f1xx_hal_timebase_tim.o
      3398          0          0          0          0      20062   stm32f1xx_hal_uart.o
       138          0          0          0          0       1482   stm32f1xx_it.o
       282          0         10          0         16       2877   sys_app.o
        36          0          0          0          0       1875   sys_init.o
         2          0         24          4          0       1582   system_stm32f1xx.o
      3542          0          5          0        300      20413   tasks.o
       738          0          0          0        416       5859   usart.o

    ----------------------------------------------------------------------
     24504         38        368        168       6232     238187   Object Totals
         0          0         32          0          0          0   (incl. Generated)
       166          0          3          3          7          0   (incl. Padding)

    ----------------------------------------------------------------------

      Code (inc. data)   RO Data    RW Data    ZI Data      Debug   Library Member Name

         8          0          0          0          0         68   __main.o
         0          0          0          0          0          0   __rtentry.o
        12          0          0          0          0          0   __rtentry2.o
         6          0          0          0          0          0   __rtentry4.o
        94          8          0          0          0          0   __scatter.o
        26          0          0          0          0          0   __scatter_copy.o
        28          0          0          0          0          0   __scatter_zi.o
        18          0          0          0          0         80   exit.o
         6          0          0          0          0        152   heapauxi.o
         0          0          0          0          0          0   indicate_semi.o
         2          0          0          0          0          0   libinit.o
         2          0          0          0          0          0   libinit2.o
         2          0          0          0          0          0   libshutdown.o
         2          0          0          0          0          0   libshutdown2.o
         8          4          0          0         96         68   libspace.o
        78          0          0          0          0         80   rt_memclr_w.o
         2          0          0          0          0          0   rtexit.o
        10          0          0          0          0          0   rtexit2.o
        12          4          0          0          0         68   sys_exit.o
        74          0          0          0          0         80   sys_stackheap_outer.o
         2          0          0          0          0         68   use_no_semi.o

    ----------------------------------------------------------------------
       400         16          0          0         96        664   Library Totals
         8          0          0          0          0          0   (incl. Padding)

    ----------------------------------------------------------------------

      Code (inc. data)   RO Data    RW Data    ZI Data      Debug   Library Name

       392         16          0          0         96        664   c_w.l

    ----------------------------------------------------------------------
       400         16          0          0         96        664   Library Totals

    ----------------------------------------------------------------------

==============================================================================


      Code (inc. data)   RO Data    RW Data    ZI Data      Debug   

     24904         54        368        168       6328     238139   Grand Totals
     24904         54        368        168       6328     238139   ELF Image Totals
     24904         54        368        168          0          0   ROM Totals

==============================================================================

    Total RO  Size (Code + RO Data)                25272 (  24.68kB)
    Total RW  Size (RW Data + ZI Data)              6496 (   6.34kB)
    Total ROM Size (Code + RO Data + RW Data)      25440 (  24.84kB)

==============================================================================

